Archive member included because of file (symbol)

c:/users/monika ossama/desktop/mina/assaf/sdk/imt_sdk_win_64/winavr/bin/../lib/gcc/avr/4.3.3/avr5\libgcc.a(_exit.o)
                              c:/users/monika ossama/desktop/mina/assaf/sdk/imt_sdk_win_64/winavr/bin/../lib/gcc/avr/4.3.3/../../../../avr/lib/avr5/crtm32.o (exit)
c:/users/monika ossama/desktop/mina/assaf/sdk/imt_sdk_win_64/winavr/bin/../lib/gcc/avr/4.3.3/avr5\libgcc.a(_copy_data.o)
                              ./KPD_prog.o (__do_copy_data)

Memory Configuration

Name             Origin             Length             Attributes
text             0x00000000         0x00020000         xr
data             0x00800060         0x0000ffa0         rw !x
eeprom           0x00810000         0x00010000         rw !x
fuse             0x00820000         0x00000400         rw !x
lock             0x00830000         0x00000400         rw !x
signature        0x00840000         0x00000400         rw !x
*default*        0x00000000         0xffffffff

Linker script and memory map

LOAD c:/users/monika ossama/desktop/mina/assaf/sdk/imt_sdk_win_64/winavr/bin/../lib/gcc/avr/4.3.3/../../../../avr/lib/avr5/crtm32.o
LOAD ./DIO_prog.o
LOAD ./DelayMs.o
LOAD ./KPD_MAIN.o
LOAD ./KPD_prog.o
LOAD c:/users/monika ossama/desktop/mina/assaf/sdk/imt_sdk_win_64/winavr/bin/../lib/gcc/avr/4.3.3/avr5\libgcc.a
LOAD c:/users/monika ossama/desktop/mina/assaf/sdk/imt_sdk_win_64/winavr/bin/../lib/gcc/avr/4.3.3/../../../../avr/lib/avr5\libc.a
LOAD c:/users/monika ossama/desktop/mina/assaf/sdk/imt_sdk_win_64/winavr/bin/../lib/gcc/avr/4.3.3/avr5\libgcc.a

.hash
 *(.hash)

.dynsym
 *(.dynsym)

.dynstr
 *(.dynstr)

.gnu.version
 *(.gnu.version)

.gnu.version_d
 *(.gnu.version_d)

.gnu.version_r
 *(.gnu.version_r)

.rel.init
 *(.rel.init)

.rela.init
 *(.rela.init)

.rel.text
 *(.rel.text)
 *(.rel.text.*)
 *(.rel.gnu.linkonce.t*)

.rela.text
 *(.rela.text)
 *(.rela.text.*)
 *(.rela.gnu.linkonce.t*)

.rel.fini
 *(.rel.fini)

.rela.fini
 *(.rela.fini)

.rel.rodata
 *(.rel.rodata)
 *(.rel.rodata.*)
 *(.rel.gnu.linkonce.r*)

.rela.rodata
 *(.rela.rodata)
 *(.rela.rodata.*)
 *(.rela.gnu.linkonce.r*)

.rel.data
 *(.rel.data)
 *(.rel.data.*)
 *(.rel.gnu.linkonce.d*)

.rela.data
 *(.rela.data)
 *(.rela.data.*)
 *(.rela.gnu.linkonce.d*)

.rel.ctors
 *(.rel.ctors)

.rela.ctors
 *(.rela.ctors)

.rel.dtors
 *(.rel.dtors)

.rela.dtors
 *(.rela.dtors)

.rel.got
 *(.rel.got)

.rela.got
 *(.rela.got)

.rel.bss
 *(.rel.bss)

.rela.bss
 *(.rela.bss)

.rel.plt
 *(.rel.plt)

.rela.plt
 *(.rela.plt)

.text           0x00000000      0x8f8
 *(.vectors)
 .vectors       0x00000000       0x54 c:/users/monika ossama/desktop/mina/assaf/sdk/imt_sdk_win_64/winavr/bin/../lib/gcc/avr/4.3.3/../../../../avr/lib/avr5/crtm32.o
                0x00000000                __vectors
                0x00000000                __vector_default
 *(.vectors)
 *(.progmem.gcc*)
 *(.progmem*)
                0x00000054                . = ALIGN (0x2)
                0x00000054                __trampolines_start = .
 *(.trampolines)
 .trampolines   0x00000054        0x0 linker stubs
 *(.trampolines*)
                0x00000054                __trampolines_end = .
 *(.jumptables)
 *(.jumptables*)
 *(.lowtext)
 *(.lowtext*)
                0x00000054                __ctors_start = .
 *(.ctors)
                0x00000054                __ctors_end = .
                0x00000054                __dtors_start = .
 *(.dtors)
                0x00000054                __dtors_end = .
 SORT(*)(.ctors)
 SORT(*)(.dtors)
 *(.init0)
 .init0         0x00000054        0x0 c:/users/monika ossama/desktop/mina/assaf/sdk/imt_sdk_win_64/winavr/bin/../lib/gcc/avr/4.3.3/../../../../avr/lib/avr5/crtm32.o
                0x00000054                __init
 *(.init0)
 *(.init1)
 *(.init1)
 *(.init2)
 .init2         0x00000054        0xc c:/users/monika ossama/desktop/mina/assaf/sdk/imt_sdk_win_64/winavr/bin/../lib/gcc/avr/4.3.3/../../../../avr/lib/avr5/crtm32.o
 *(.init2)
 *(.init3)
 *(.init3)
 *(.init4)
 .init4         0x00000060       0x16 c:/users/monika ossama/desktop/mina/assaf/sdk/imt_sdk_win_64/winavr/bin/../lib/gcc/avr/4.3.3/avr5\libgcc.a(_copy_data.o)
                0x00000060                __do_copy_data
 *(.init4)
 *(.init5)
 *(.init5)
 *(.init6)
 *(.init6)
 *(.init7)
 *(.init7)
 *(.init8)
 *(.init8)
 *(.init9)
 .init9         0x00000076        0x8 c:/users/monika ossama/desktop/mina/assaf/sdk/imt_sdk_win_64/winavr/bin/../lib/gcc/avr/4.3.3/../../../../avr/lib/avr5/crtm32.o
 *(.init9)
 *(.text)
 .text          0x0000007e        0x4 c:/users/monika ossama/desktop/mina/assaf/sdk/imt_sdk_win_64/winavr/bin/../lib/gcc/avr/4.3.3/../../../../avr/lib/avr5/crtm32.o
                0x0000007e                __vector_1
                0x0000007e                __vector_12
                0x0000007e                __bad_interrupt
                0x0000007e                __vector_6
                0x0000007e                __vector_3
                0x0000007e                __vector_11
                0x0000007e                __vector_13
                0x0000007e                __vector_17
                0x0000007e                __vector_19
                0x0000007e                __vector_7
                0x0000007e                __vector_5
                0x0000007e                __vector_4
                0x0000007e                __vector_9
                0x0000007e                __vector_2
                0x0000007e                __vector_15
                0x0000007e                __vector_8
                0x0000007e                __vector_14
                0x0000007e                __vector_10
                0x0000007e                __vector_16
                0x0000007e                __vector_18
                0x0000007e                __vector_20
 .text          0x00000082        0x0 ./DIO_prog.o
 .text          0x00000082        0x0 ./DelayMs.o
 .text          0x00000082        0x0 ./KPD_MAIN.o
 .text          0x00000082        0x0 ./KPD_prog.o
 .text          0x00000082        0x0 c:/users/monika ossama/desktop/mina/assaf/sdk/imt_sdk_win_64/winavr/bin/../lib/gcc/avr/4.3.3/avr5\libgcc.a(_exit.o)
 .text          0x00000082        0x0 c:/users/monika ossama/desktop/mina/assaf/sdk/imt_sdk_win_64/winavr/bin/../lib/gcc/avr/4.3.3/avr5\libgcc.a(_copy_data.o)
                0x00000082                . = ALIGN (0x2)
 *(.text.*)
 .text.DIO_voidInit
                0x00000082       0x46 ./DIO_prog.o
                0x00000082                DIO_voidInit
 .text.DIO_u8SetPinDirection
                0x000000c8      0x1e2 ./DIO_prog.o
                0x000000c8                DIO_u8SetPinDirection
 .text.DIO_u8SetPinValue
                0x000002aa      0x1e2 ./DIO_prog.o
                0x000002aa                DIO_u8SetPinValue
 .text.DIO_u8GetPinValue
                0x0000048c      0x134 ./DIO_prog.o
                0x0000048c                DIO_u8GetPinValue
 .text.DIO_u8SetPortDirection
                0x000005c0       0x24 ./DIO_prog.o
                0x000005c0                DIO_u8SetPortDirection
 .text.DIO_u8SetPortnValue
                0x000005e4       0x96 ./DIO_prog.o
                0x000005e4                DIO_u8SetPortnValue
 .text.DIO_u8GetPortnValue
                0x0000067a       0xaa ./DIO_prog.o
                0x0000067a                DIO_u8GetPortnValue
 .text.DelayMs  0x00000724       0x6e ./DelayMs.o
                0x00000724                DelayMs
 .text.main     0x00000792       0x6e ./KPD_MAIN.o
                0x00000792                main
 .text.KPD_u8GetKeysState
                0x00000800       0xf4 ./KPD_prog.o
                0x00000800                KPD_u8GetKeysState
 .text.libgcc   0x000008f4        0x0 c:/users/monika ossama/desktop/mina/assaf/sdk/imt_sdk_win_64/winavr/bin/../lib/gcc/avr/4.3.3/avr5\libgcc.a(_exit.o)
 .text.libgcc   0x000008f4        0x0 c:/users/monika ossama/desktop/mina/assaf/sdk/imt_sdk_win_64/winavr/bin/../lib/gcc/avr/4.3.3/avr5\libgcc.a(_copy_data.o)
                0x000008f4                . = ALIGN (0x2)
 *(.fini9)
 .fini9         0x000008f4        0x0 c:/users/monika ossama/desktop/mina/assaf/sdk/imt_sdk_win_64/winavr/bin/../lib/gcc/avr/4.3.3/avr5\libgcc.a(_exit.o)
                0x000008f4                exit
                0x000008f4                _exit
 *(.fini9)
 *(.fini8)
 *(.fini8)
 *(.fini7)
 *(.fini7)
 *(.fini6)
 *(.fini6)
 *(.fini5)
 *(.fini5)
 *(.fini4)
 *(.fini4)
 *(.fini3)
 *(.fini3)
 *(.fini2)
 *(.fini2)
 *(.fini1)
 *(.fini1)
 *(.fini0)
 .fini0         0x000008f4        0x4 c:/users/monika ossama/desktop/mina/assaf/sdk/imt_sdk_win_64/winavr/bin/../lib/gcc/avr/4.3.3/avr5\libgcc.a(_exit.o)
 *(.fini0)
                0x000008f8                _etext = .

.data           0x00800060        0x6 load address 0x000008f8
                0x00800060                PROVIDE (__data_start, .)
 *(.data)
 .data          0x00800060        0x0 c:/users/monika ossama/desktop/mina/assaf/sdk/imt_sdk_win_64/winavr/bin/../lib/gcc/avr/4.3.3/../../../../avr/lib/avr5/crtm32.o
 .data          0x00800060        0x0 ./DIO_prog.o
 .data          0x00800060        0x0 ./DelayMs.o
 .data          0x00800060        0x0 ./KPD_MAIN.o
 .data          0x00800060        0x0 ./KPD_prog.o
 .data          0x00800060        0x0 c:/users/monika ossama/desktop/mina/assaf/sdk/imt_sdk_win_64/winavr/bin/../lib/gcc/avr/4.3.3/avr5\libgcc.a(_exit.o)
 .data          0x00800060        0x0 c:/users/monika ossama/desktop/mina/assaf/sdk/imt_sdk_win_64/winavr/bin/../lib/gcc/avr/4.3.3/avr5\libgcc.a(_copy_data.o)
 *(.data*)
 .data.KPD_Au8KpdInputConnection
                0x00800060        0x3 ./KPD_prog.o
                0x00800060                KPD_Au8KpdInputConnection
 .data.KPD_Au8KpdOutputConnection
                0x00800063        0x3 ./KPD_prog.o
                0x00800063                KPD_Au8KpdOutputConnection
 *(.rodata)
 *(.rodata*)
 *(.gnu.linkonce.d*)
                0x00800066                . = ALIGN (0x2)
                0x00800066                _edata = .
                0x00800066                PROVIDE (__data_end, .)

.bss            0x00800066        0x0
                0x00800066                PROVIDE (__bss_start, .)
 *(.bss)
 .bss           0x00800066        0x0 c:/users/monika ossama/desktop/mina/assaf/sdk/imt_sdk_win_64/winavr/bin/../lib/gcc/avr/4.3.3/../../../../avr/lib/avr5/crtm32.o
 .bss           0x00800066        0x0 ./DIO_prog.o
 .bss           0x00800066        0x0 ./DelayMs.o
 .bss           0x00800066        0x0 ./KPD_MAIN.o
 .bss           0x00800066        0x0 ./KPD_prog.o
 .bss           0x00800066        0x0 c:/users/monika ossama/desktop/mina/assaf/sdk/imt_sdk_win_64/winavr/bin/../lib/gcc/avr/4.3.3/avr5\libgcc.a(_exit.o)
 .bss           0x00800066        0x0 c:/users/monika ossama/desktop/mina/assaf/sdk/imt_sdk_win_64/winavr/bin/../lib/gcc/avr/4.3.3/avr5\libgcc.a(_copy_data.o)
 *(.bss*)
 *(COMMON)
                0x00800066                PROVIDE (__bss_end, .)
                0x000008f8                __data_load_start = LOADADDR (.data)
                0x000008fe                __data_load_end = (__data_load_start + SIZEOF (.data))

.noinit         0x00800066        0x0
                0x00800066                PROVIDE (__noinit_start, .)
 *(.noinit*)
                0x00800066                PROVIDE (__noinit_end, .)
                0x00800066                _end = .
                0x00800066                PROVIDE (__heap_start, .)

.eeprom         0x00810000        0x0
 *(.eeprom*)
                0x00810000                __eeprom_end = .

.fuse
 *(.fuse)
 *(.lfuse)
 *(.hfuse)
 *(.efuse)

.lock
 *(.lock*)

.signature
 *(.signature*)

.stab           0x00000000      0xcf0
 *(.stab)
 .stab          0x00000000      0x6fc ./DIO_prog.o
 .stab          0x000006fc      0x1d4 ./DelayMs.o
                                0x258 (size before relaxing)
 .stab          0x000008d0      0x198 ./KPD_MAIN.o
                                0x21c (size before relaxing)
 .stab          0x00000a68      0x288 ./KPD_prog.o
                                0x30c (size before relaxing)

.stabstr        0x00000000      0x706
 *(.stabstr)
 .stabstr       0x00000000      0x706 ./DIO_prog.o

.stab.excl
 *(.stab.excl)

.stab.exclstr
 *(.stab.exclstr)

.stab.index
 *(.stab.index)

.stab.indexstr
 *(.stab.indexstr)

.comment
 *(.comment)

.debug
 *(.debug)

.line
 *(.line)

.debug_srcinfo
 *(.debug_srcinfo)

.debug_sfnames
 *(.debug_sfnames)

.debug_aranges
 *(.debug_aranges)

.debug_pubnames
 *(.debug_pubnames)

.debug_info
 *(.debug_info)
 *(.gnu.linkonce.wi.*)

.debug_abbrev
 *(.debug_abbrev)

.debug_line
 *(.debug_line)

.debug_frame
 *(.debug_frame)

.debug_str
 *(.debug_str)

.debug_loc
 *(.debug_loc)

.debug_macinfo
 *(.debug_macinfo)
OUTPUT(KPD_Driver.elf elf32-avr)
LOAD linker stubs
