Archive member included because of file (symbol)

c:/winavr-20100110/bin/../lib/gcc/avr/4.3.3/avr5\libgcc.a(_divmodhi4.o)
                              ./DCMOTOR.o (__divmodhi4)
c:/winavr-20100110/bin/../lib/gcc/avr/4.3.3/avr5\libgcc.a(_divmodsi4.o)
                              ./UART.o (__divmodsi4)
c:/winavr-20100110/bin/../lib/gcc/avr/4.3.3/avr5\libgcc.a(_exit.o)
                              c:/winavr-20100110/bin/../lib/gcc/avr/4.3.3/../../../../avr/lib/avr5/crtm32.o (exit)
c:/winavr-20100110/bin/../lib/gcc/avr/4.3.3/avr5\libgcc.a(_copy_data.o)
                              ./main.o (__do_copy_data)
c:/winavr-20100110/bin/../lib/gcc/avr/4.3.3/avr5\libgcc.a(_clear_bss.o)
                              ./ADC.o (__do_clear_bss)
c:/winavr-20100110/bin/../lib/gcc/avr/4.3.3/avr5\libgcc.a(_ashldi3.o)
                              ./LCD.o (__ashldi3)
c:/winavr-20100110/bin/../lib/gcc/avr/4.3.3/avr5\libgcc.a(_fixunssfsi.o)
                              ./DHT22.o (__fixunssfsi)
c:/winavr-20100110/bin/../lib/gcc/avr/4.3.3/avr5\libgcc.a(_udivdi3.o)
                              ./LCD.o (__udivdi3)
c:/winavr-20100110/bin/../lib/gcc/avr/4.3.3/avr5\libgcc.a(_umoddi3.o)
                              ./LCD.o (__umoddi3)
c:/winavr-20100110/bin/../lib/gcc/avr/4.3.3/avr5\libgcc.a(_addsub_sf.o)
                              c:/winavr-20100110/bin/../lib/gcc/avr/4.3.3/avr5\libgcc.a(_fixunssfsi.o) (__subsf3)
c:/winavr-20100110/bin/../lib/gcc/avr/4.3.3/avr5\libgcc.a(_mul_sf.o)
                              ./DHT22.o (__mulsf3)
c:/winavr-20100110/bin/../lib/gcc/avr/4.3.3/avr5\libgcc.a(_div_sf.o)
                              ./DHT22.o (__divsf3)
c:/winavr-20100110/bin/../lib/gcc/avr/4.3.3/avr5\libgcc.a(_gt_sf.o)
                              ./DHT22.o (__gtsf2)
c:/winavr-20100110/bin/../lib/gcc/avr/4.3.3/avr5\libgcc.a(_ge_sf.o)
                              c:/winavr-20100110/bin/../lib/gcc/avr/4.3.3/avr5\libgcc.a(_fixunssfsi.o) (__gesf2)
c:/winavr-20100110/bin/../lib/gcc/avr/4.3.3/avr5\libgcc.a(_lt_sf.o)
                              ./DHT22.o (__ltsf2)
c:/winavr-20100110/bin/../lib/gcc/avr/4.3.3/avr5\libgcc.a(_sf_to_si.o)
                              c:/winavr-20100110/bin/../lib/gcc/avr/4.3.3/avr5\libgcc.a(_fixunssfsi.o) (__fixsfsi)
c:/winavr-20100110/bin/../lib/gcc/avr/4.3.3/avr5\libgcc.a(_thenan_sf.o)
                              c:/winavr-20100110/bin/../lib/gcc/avr/4.3.3/avr5\libgcc.a(_addsub_sf.o) (__thenan_sf)
c:/winavr-20100110/bin/../lib/gcc/avr/4.3.3/avr5\libgcc.a(_usi_to_sf.o)
                              ./ULTRASONIC.o (__floatunsisf)
c:/winavr-20100110/bin/../lib/gcc/avr/4.3.3/avr5\libgcc.a(_mulsi3.o)
                              c:/winavr-20100110/bin/../lib/gcc/avr/4.3.3/avr5\libgcc.a(_udivdi3.o) (__mulsi3)
c:/winavr-20100110/bin/../lib/gcc/avr/4.3.3/avr5\libgcc.a(_udivmodhi4.o)
                              c:/winavr-20100110/bin/../lib/gcc/avr/4.3.3/avr5\libgcc.a(_divmodhi4.o) (__udivmodhi4)
c:/winavr-20100110/bin/../lib/gcc/avr/4.3.3/avr5\libgcc.a(_udivmodsi4.o)
                              c:/winavr-20100110/bin/../lib/gcc/avr/4.3.3/avr5\libgcc.a(_divmodsi4.o) (__udivmodsi4)
c:/winavr-20100110/bin/../lib/gcc/avr/4.3.3/avr5\libgcc.a(_prologue.o)
                              c:/winavr-20100110/bin/../lib/gcc/avr/4.3.3/avr5\libgcc.a(_udivdi3.o) (__prologue_saves__)
c:/winavr-20100110/bin/../lib/gcc/avr/4.3.3/avr5\libgcc.a(_epilogue.o)
                              c:/winavr-20100110/bin/../lib/gcc/avr/4.3.3/avr5\libgcc.a(_udivdi3.o) (__epilogue_restores__)
c:/winavr-20100110/bin/../lib/gcc/avr/4.3.3/avr5\libgcc.a(_clz.o)
                              c:/winavr-20100110/bin/../lib/gcc/avr/4.3.3/avr5\libgcc.a(_udivdi3.o) (__clz_tab)
c:/winavr-20100110/bin/../lib/gcc/avr/4.3.3/avr5\libgcc.a(_clzsi2.o)
                              c:/winavr-20100110/bin/../lib/gcc/avr/4.3.3/avr5\libgcc.a(_usi_to_sf.o) (__clzsi2)
c:/winavr-20100110/bin/../lib/gcc/avr/4.3.3/avr5\libgcc.a(_pack_sf.o)
                              c:/winavr-20100110/bin/../lib/gcc/avr/4.3.3/avr5\libgcc.a(_addsub_sf.o) (__pack_f)
c:/winavr-20100110/bin/../lib/gcc/avr/4.3.3/avr5\libgcc.a(_unpack_sf.o)
                              c:/winavr-20100110/bin/../lib/gcc/avr/4.3.3/avr5\libgcc.a(_addsub_sf.o) (__unpack_f)
c:/winavr-20100110/bin/../lib/gcc/avr/4.3.3/avr5\libgcc.a(_fpcmp_parts_sf.o)
                              c:/winavr-20100110/bin/../lib/gcc/avr/4.3.3/avr5\libgcc.a(_gt_sf.o) (__fpcmp_parts_f)

Allocating common symbols
Common symbol       size              file

TIMER1_ISR2         0x2               ./TIMER1.o
TIMER1_ISR0         0x2               ./TIMER1.o
EXTERNAL_INTERRUPTI_ISR0
                    0x2               ./EXTERNAL_INTERRUPT.o
ADC_ISR             0x2               ./ADC.o
EXTERNAL_INTERRUPTI_ISR1
                    0x2               ./EXTERNAL_INTERRUPT.o
TIMER2_ISR1         0x2               ./TIMER2.o
SPI                 0x2               ./SPI.o
TIMER1_ISR1         0x2               ./TIMER1.o
TIMER2_ISR0         0x2               ./TIMER2.o
UART_ISR            0x2               ./UART.o
TIMER0_ISR1         0x2               ./TIMER0.o
TIMER0_ISR0         0x2               ./TIMER0.o

Memory Configuration

Name             Origin             Length             Attributes
text             0x00000000         0x00020000         xr
data             0x00800060         0x0000ffa0         rw !x
eeprom           0x00810000         0x00010000         rw !x
fuse             0x00820000         0x00000400         rw !x
lock             0x00830000         0x00000400         rw !x
signature        0x00840000         0x00000400         rw !x
*default*        0x00000000         0xffffffff

Linker script and memory map

LOAD c:/winavr-20100110/bin/../lib/gcc/avr/4.3.3/../../../../avr/lib/avr5/crtm32.o
LOAD ./ADC.o
LOAD ./DCMOTOR.o
LOAD ./DHT22.o
LOAD ./DIO.o
LOAD ./EXTERNAL_INTERRUPT.o
LOAD ./I2C.o
LOAD ./KEYPAD.o
LOAD ./LCD.o
LOAD ./LED.o
LOAD ./SERVO_FS90MG.o
LOAD ./SERVO_SG90.o
LOAD ./SEVENSEGMENT.o
LOAD ./SPI.o
LOAD ./TIMER0.o
LOAD ./TIMER1.o
LOAD ./TIMER2.o
LOAD ./UART.o
LOAD ./ULTRASONIC.o
LOAD ./eeprom.o
LOAD ./main.o
LOAD c:/winavr-20100110/bin/../lib/gcc/avr/4.3.3/avr5\libgcc.a
LOAD c:/winavr-20100110/bin/../lib/gcc/avr/4.3.3/../../../../avr/lib/avr5\libc.a
LOAD c:/winavr-20100110/bin/../lib/gcc/avr/4.3.3/avr5\libgcc.a

.hash
 *(.hash)

.dynsym
 *(.dynsym)

.dynstr
 *(.dynstr)

.gnu.version
 *(.gnu.version)

.gnu.version_d
 *(.gnu.version_d)

.gnu.version_r
 *(.gnu.version_r)

.rel.init
 *(.rel.init)

.rela.init
 *(.rela.init)

.rel.text
 *(.rel.text)
 *(.rel.text.*)
 *(.rel.gnu.linkonce.t*)

.rela.text
 *(.rela.text)
 *(.rela.text.*)
 *(.rela.gnu.linkonce.t*)

.rel.fini
 *(.rel.fini)

.rela.fini
 *(.rela.fini)

.rel.rodata
 *(.rel.rodata)
 *(.rel.rodata.*)
 *(.rel.gnu.linkonce.r*)

.rela.rodata
 *(.rela.rodata)
 *(.rela.rodata.*)
 *(.rela.gnu.linkonce.r*)

.rel.data
 *(.rel.data)
 *(.rel.data.*)
 *(.rel.gnu.linkonce.d*)

.rela.data
 *(.rela.data)
 *(.rela.data.*)
 *(.rela.gnu.linkonce.d*)

.rel.ctors
 *(.rel.ctors)

.rela.ctors
 *(.rela.ctors)

.rel.dtors
 *(.rel.dtors)

.rela.dtors
 *(.rela.dtors)

.rel.got
 *(.rel.got)

.rela.got
 *(.rela.got)

.rel.bss
 *(.rel.bss)

.rela.bss
 *(.rela.bss)

.rel.plt
 *(.rel.plt)

.rela.plt
 *(.rela.plt)

.text           0x00000000     0x768a
 *(.vectors)
 .vectors       0x00000000       0x54 c:/winavr-20100110/bin/../lib/gcc/avr/4.3.3/../../../../avr/lib/avr5/crtm32.o
                0x00000000                __vectors
                0x00000000                __vector_default
 *(.vectors)
 *(.progmem.gcc*)
 *(.progmem*)
                0x00000054                . = ALIGN (0x2)
                0x00000054                __trampolines_start = .
 *(.trampolines)
 .trampolines   0x00000054        0x0 linker stubs
 *(.trampolines*)
                0x00000054                __trampolines_end = .
 *(.jumptables)
 *(.jumptables*)
 *(.lowtext)
 *(.lowtext*)
                0x00000054                __ctors_start = .
 *(.ctors)
                0x00000054                __ctors_end = .
                0x00000054                __dtors_start = .
 *(.dtors)
                0x00000054                __dtors_end = .
 SORT(*)(.ctors)
 SORT(*)(.dtors)
 *(.init0)
 .init0         0x00000054        0x0 c:/winavr-20100110/bin/../lib/gcc/avr/4.3.3/../../../../avr/lib/avr5/crtm32.o
                0x00000054                __init
 *(.init0)
 *(.init1)
 *(.init1)
 *(.init2)
 .init2         0x00000054        0xc c:/winavr-20100110/bin/../lib/gcc/avr/4.3.3/../../../../avr/lib/avr5/crtm32.o
 *(.init2)
 *(.init3)
 *(.init3)
 *(.init4)
 .init4         0x00000060       0x16 c:/winavr-20100110/bin/../lib/gcc/avr/4.3.3/avr5\libgcc.a(_copy_data.o)
                0x00000060                __do_copy_data
 .init4         0x00000076       0x10 c:/winavr-20100110/bin/../lib/gcc/avr/4.3.3/avr5\libgcc.a(_clear_bss.o)
                0x00000076                __do_clear_bss
 *(.init4)
 *(.init5)
 *(.init5)
 *(.init6)
 *(.init6)
 *(.init7)
 *(.init7)
 *(.init8)
 *(.init8)
 *(.init9)
 .init9         0x00000086        0x8 c:/winavr-20100110/bin/../lib/gcc/avr/4.3.3/../../../../avr/lib/avr5/crtm32.o
 *(.init9)
 *(.text)
 .text          0x0000008e        0x4 c:/winavr-20100110/bin/../lib/gcc/avr/4.3.3/../../../../avr/lib/avr5/crtm32.o
                0x0000008e                __bad_interrupt
                0x0000008e                __vector_3
                0x0000008e                __vector_17
                0x0000008e                __vector_19
                0x0000008e                __vector_15
                0x0000008e                __vector_8
                0x0000008e                __vector_14
                0x0000008e                __vector_18
                0x0000008e                __vector_20
 .text          0x00000092        0x0 ./ADC.o
 .text          0x00000092        0x0 ./DCMOTOR.o
 .text          0x00000092        0x0 ./DHT22.o
 .text          0x00000092        0x0 ./DIO.o
 .text          0x00000092        0x0 ./EXTERNAL_INTERRUPT.o
 .text          0x00000092        0x0 ./I2C.o
 .text          0x00000092        0x0 ./KEYPAD.o
 .text          0x00000092        0x0 ./LCD.o
 .text          0x00000092        0x0 ./LED.o
 .text          0x00000092        0x0 ./SERVO_FS90MG.o
 .text          0x00000092        0x0 ./SERVO_SG90.o
 .text          0x00000092        0x0 ./SEVENSEGMENT.o
 .text          0x00000092        0x0 ./SPI.o
 .text          0x00000092        0x0 ./TIMER0.o
 .text          0x00000092        0x0 ./TIMER1.o
 .text          0x00000092        0x0 ./TIMER2.o
 .text          0x00000092        0x0 ./UART.o
 .text          0x00000092        0x0 ./ULTRASONIC.o
 .text          0x00000092        0x0 ./eeprom.o
 .text          0x00000092        0x0 ./main.o
 .text          0x00000092        0x0 c:/winavr-20100110/bin/../lib/gcc/avr/4.3.3/avr5\libgcc.a(_divmodhi4.o)
 .text          0x00000092        0x0 c:/winavr-20100110/bin/../lib/gcc/avr/4.3.3/avr5\libgcc.a(_divmodsi4.o)
 .text          0x00000092        0x0 c:/winavr-20100110/bin/../lib/gcc/avr/4.3.3/avr5\libgcc.a(_exit.o)
 .text          0x00000092        0x0 c:/winavr-20100110/bin/../lib/gcc/avr/4.3.3/avr5\libgcc.a(_copy_data.o)
 .text          0x00000092        0x0 c:/winavr-20100110/bin/../lib/gcc/avr/4.3.3/avr5\libgcc.a(_clear_bss.o)
 .text          0x00000092       0xfe c:/winavr-20100110/bin/../lib/gcc/avr/4.3.3/avr5\libgcc.a(_ashldi3.o)
                0x00000092                __ashldi3
 .text          0x00000190       0x58 c:/winavr-20100110/bin/../lib/gcc/avr/4.3.3/avr5\libgcc.a(_fixunssfsi.o)
                0x00000190                __fixunssfsi
 .text          0x000001e8      0xcea c:/winavr-20100110/bin/../lib/gcc/avr/4.3.3/avr5\libgcc.a(_udivdi3.o)
                0x000001e8                __udivdi3
 .text          0x00000ed2      0xce0 c:/winavr-20100110/bin/../lib/gcc/avr/4.3.3/avr5\libgcc.a(_umoddi3.o)
                0x00000ed2                __umoddi3
 .text          0x00001bb2      0x354 c:/winavr-20100110/bin/../lib/gcc/avr/4.3.3/avr5\libgcc.a(_addsub_sf.o)
                0x00001e4a                __subsf3
                0x00001eac                __addsf3
 .text          0x00001f06      0x1f4 c:/winavr-20100110/bin/../lib/gcc/avr/4.3.3/avr5\libgcc.a(_mul_sf.o)
                0x00001f06                __mulsf3
 .text          0x000020fa      0x158 c:/winavr-20100110/bin/../lib/gcc/avr/4.3.3/avr5\libgcc.a(_div_sf.o)
                0x000020fa                __divsf3
 .text          0x00002252       0x60 c:/winavr-20100110/bin/../lib/gcc/avr/4.3.3/avr5\libgcc.a(_gt_sf.o)
                0x00002252                __gtsf2
 .text          0x000022b2       0x60 c:/winavr-20100110/bin/../lib/gcc/avr/4.3.3/avr5\libgcc.a(_ge_sf.o)
                0x000022b2                __gesf2
 .text          0x00002312       0x60 c:/winavr-20100110/bin/../lib/gcc/avr/4.3.3/avr5\libgcc.a(_lt_sf.o)
                0x00002312                __ltsf2
 .text          0x00002372       0xa8 c:/winavr-20100110/bin/../lib/gcc/avr/4.3.3/avr5\libgcc.a(_sf_to_si.o)
                0x00002372                __fixsfsi
 .text          0x0000241a        0x0 c:/winavr-20100110/bin/../lib/gcc/avr/4.3.3/avr5\libgcc.a(_thenan_sf.o)
 .text          0x0000241a       0xf2 c:/winavr-20100110/bin/../lib/gcc/avr/4.3.3/avr5\libgcc.a(_usi_to_sf.o)
                0x0000241a                __floatunsisf
 .text          0x0000250c        0x0 c:/winavr-20100110/bin/../lib/gcc/avr/4.3.3/avr5\libgcc.a(_mulsi3.o)
 .text          0x0000250c        0x0 c:/winavr-20100110/bin/../lib/gcc/avr/4.3.3/avr5\libgcc.a(_udivmodhi4.o)
 .text          0x0000250c        0x0 c:/winavr-20100110/bin/../lib/gcc/avr/4.3.3/avr5\libgcc.a(_udivmodsi4.o)
 .text          0x0000250c        0x0 c:/winavr-20100110/bin/../lib/gcc/avr/4.3.3/avr5\libgcc.a(_prologue.o)
 .text          0x0000250c        0x0 c:/winavr-20100110/bin/../lib/gcc/avr/4.3.3/avr5\libgcc.a(_epilogue.o)
 .text          0x0000250c        0x0 c:/winavr-20100110/bin/../lib/gcc/avr/4.3.3/avr5\libgcc.a(_clz.o)
 .text          0x0000250c       0x9e c:/winavr-20100110/bin/../lib/gcc/avr/4.3.3/avr5\libgcc.a(_clzsi2.o)
                0x0000250c                __clzsi2
 .text          0x000025aa      0x1aa c:/winavr-20100110/bin/../lib/gcc/avr/4.3.3/avr5\libgcc.a(_pack_sf.o)
                0x000025aa                __pack_f
 .text          0x00002754       0xf0 c:/winavr-20100110/bin/../lib/gcc/avr/4.3.3/avr5\libgcc.a(_unpack_sf.o)
                0x00002754                __unpack_f
 .text          0x00002844       0xb2 c:/winavr-20100110/bin/../lib/gcc/avr/4.3.3/avr5\libgcc.a(_fpcmp_parts_sf.o)
                0x00002844                __fpcmp_parts_f
                0x000028f6                . = ALIGN (0x2)
 *(.text.*)
 .text.__vector_16
                0x000028f6       0x5a ./ADC.o
                0x000028f6                __vector_16
 .text.ADC_VidInit
                0x00002950      0x294 ./ADC.o
                0x00002950                ADC_VidInit
 .text.ADC_VidSetCallback
                0x00002be4       0x24 ./ADC.o
                0x00002be4                ADC_VidSetCallback
 .text.ADC_u8GetResult
                0x00002c08       0x46 ./ADC.o
                0x00002c08                ADC_u8GetResult
 .text.ADC_u8StartConversion
                0x00002c4e       0x32 ./ADC.o
                0x00002c4e                ADC_u8StartConversion
 .text.DCMOTOR_VidInit
                0x00002c80       0x16 ./DCMOTOR.o
                0x00002c80                DCMOTOR_VidInit
 .text.DCMOTOR_VidSetSpeed
                0x00002c96       0x3c ./DCMOTOR.o
                0x00002c96                DCMOTOR_VidSetSpeed
 .text.CheckRising
                0x00002cd2       0x18 ./DHT22.o
                0x00002cd2                CheckRising
 .text.Time     0x00002cea       0x18 ./DHT22.o
                0x00002cea                Time
 .text.DHT22_VidRequest
                0x00002d02      0x152 ./DHT22.o
                0x00002d02                DHT22_VidRequest
 .text.DHT22_VidResponse
                0x00002e54       0x80 ./DHT22.o
                0x00002e54                DHT22_VidResponse
 .text.DHT22_u8Receive_Data
                0x00002ed4      0x1fa ./DHT22.o
                0x00002ed4                DHT22_u8Receive_Data
 .text.DIO_VidSetPortDirection
                0x000030ce       0x82 ./DIO.o
                0x000030ce                DIO_VidSetPortDirection
 .text.DIO_VidSetPortValue
                0x00003150       0x82 ./DIO.o
                0x00003150                DIO_VidSetPortValue
 .text.DIO_VidSetPinDirection
                0x000031d2      0x1e4 ./DIO.o
                0x000031d2                DIO_VidSetPinDirection
 .text.DIO_VidSetPinValue
                0x000033b6      0x1e4 ./DIO.o
                0x000033b6                DIO_VidSetPinValue
 .text.DIO_u8ReadPort
                0x0000359a       0x82 ./DIO.o
                0x0000359a                DIO_u8ReadPort
 .text.DIO_u8ReadPin
                0x0000361c       0xf2 ./DIO.o
                0x0000361c                DIO_u8ReadPin
 .text.__vector_1
                0x0000370e       0x5a ./EXTERNAL_INTERRUPT.o
                0x0000370e                __vector_1
 .text.__vector_2
                0x00003768       0x5a ./EXTERNAL_INTERRUPT.o
                0x00003768                __vector_2
 .text.EXTERNAL_INTERRUPT_VidInit
                0x000037c2      0x196 ./EXTERNAL_INTERRUPT.o
                0x000037c2                EXTERNAL_INTERRUPT_VidInit
 .text.EXTERNAL_INTERRUPT_VidSetCallbackINT0
                0x00003958       0x24 ./EXTERNAL_INTERRUPT.o
                0x00003958                EXTERNAL_INTERRUPT_VidSetCallbackINT0
 .text.EXTERNAL_INTERRUPT_VidSetCallbackINT1
                0x0000397c       0x24 ./EXTERNAL_INTERRUPT.o
                0x0000397c                EXTERNAL_INTERRUPT_VidSetCallbackINT1
 .text.EXTERNAL_INTERRUPT_VidDisableExternalInterrupt
                0x000039a0       0x3e ./EXTERNAL_INTERRUPT.o
                0x000039a0                EXTERNAL_INTERRUPT_VidDisableExternalInterrupt
 .text.I2C_VidInit_Master
                0x000039de       0x4e ./I2C.o
                0x000039de                I2C_VidInit_Master
 .text.I2C_VidiInit_Slave
                0x00003a2c       0x32 ./I2C.o
                0x00003a2c                I2C_VidiInit_Slave
 .text.I2C_VidStart
                0x00003a5e       0x48 ./I2C.o
                0x00003a5e                I2C_VidStart
 .text.I2C_VidRepeatedStart
                0x00003aa6       0x48 ./I2C.o
                0x00003aa6                I2C_VidRepeatedStart
 .text.I2C_VidSendSlaveAddressWithWriteRequest
                0x00003aee       0x58 ./I2C.o
                0x00003aee                I2C_VidSendSlaveAddressWithWriteRequest
 .text.I2C_VidSendSlaveAddressWithReadRequest
                0x00003b46       0x58 ./I2C.o
                0x00003b46                I2C_VidSendSlaveAddressWithReadRequest
 .text.I2C_VidWriteByteDataMaster
                0x00003b9e       0x48 ./I2C.o
                0x00003b9e                I2C_VidWriteByteDataMaster
 .text.I2C_VidReadByteDataMaster
                0x00003be6       0x28 ./I2C.o
                0x00003be6                I2C_VidReadByteDataMaster
 .text.I2C_VidStop
                0x00003c0e       0x34 ./I2C.o
                0x00003c0e                I2C_VidStop
 .text.I2C_u8SlaveReadByteData
                0x00003c42       0x28 ./I2C.o
                0x00003c42                I2C_u8SlaveReadByteData
 .text.KEYPAD_VidInit
                0x00003c6a       0x86 ./KEYPAD.o
                0x00003c6a                KEYPAD_VidInit
 .text.KEYPAD_u8GetButtonStatus
                0x00003cf0      0x1c2 ./KEYPAD.o
                0x00003cf0                KEYPAD_u8GetButtonStatus
 .text.LCD_VidInit
                0x00003eb2      0x3ee ./LCD.o
                0x00003eb2                LCD_VidInit
 .text.LCD_VidWriteChar
                0x000042a0      0x220 ./LCD.o
                0x000042a0                LCD_VidWriteChar
 .text.LCD_VidWriteCommand
                0x000044c0      0x220 ./LCD.o
                0x000044c0                LCD_VidWriteCommand
 .text.LCD_VidWriteString
                0x000046e0       0x52 ./LCD.o
                0x000046e0                LCD_VidWriteString
 .text.LCD_VidWriteNumber
                0x00004732      0x876 ./LCD.o
                0x00004732                LCD_VidWriteNumber
 .text.LCD_VidSetPosition
                0x00004fa8       0x36 ./LCD.o
                0x00004fa8                LCD_VidSetPosition
 .text.LED_VidSetLedState
                0x00004fde       0x4a ./LED.o
                0x00004fde                LED_VidSetLedState
 .text.SERVO_FS90MG_VidInit
                0x00005028       0x1a ./SERVO_FS90MG.o
                0x00005028                SERVO_FS90MG_VidInit
 .text.SERVO_FS90MG_VidSetAngle
                0x00005042       0x8e ./SERVO_FS90MG.o
                0x00005042                SERVO_FS90MG_VidSetAngle
 .text.SERVO_SG90_VidInit
                0x000050d0       0x1a ./SERVO_SG90.o
                0x000050d0                SERVO_SG90_VidInit
 .text.SERVO_SG90_VidSetAngle
                0x000050ea       0x8e ./SERVO_SG90.o
                0x000050ea                SERVO_SG90_VidSetAngle
 .text.SEVENSEGMENT_VidInit
                0x00005178       0x2c ./SEVENSEGMENT.o
                0x00005178                SEVENSEGMENT_VidInit
 .text.SEVENSEGMENT_VidEnable
                0x000051a4       0x2c ./SEVENSEGMENT.o
                0x000051a4                SEVENSEGMENT_VidEnable
 .text.SEVENSEGMENT_VidDisable
                0x000051d0       0x2c ./SEVENSEGMENT.o
                0x000051d0                SEVENSEGMENT_VidDisable
 .text.SEVENSEGMENT_VidPrintNumber
                0x000051fc      0x120 ./SEVENSEGMENT.o
                0x000051fc                SEVENSEGMENT_VidPrintNumber
 .text.SEVENSEGMENT_VidClearNumber
                0x0000531c       0x1c ./SEVENSEGMENT.o
                0x0000531c                SEVENSEGMENT_VidClearNumber
 .text.SPI_VidSetCallBack
                0x00005338       0x24 ./SPI.o
                0x00005338                SPI_VidSetCallBack
 .text.__vector_12
                0x0000535c       0x5a ./SPI.o
                0x0000535c                __vector_12
 .text.SPI_VidInit
                0x000053b6      0x36e ./SPI.o
                0x000053b6                SPI_VidInit
 .text.SPI_u8SendToMaster
                0x00005724       0x22 ./SPI.o
                0x00005724                SPI_u8SendToMaster
 .text.SPI_u8SendToSlave
                0x00005746       0x2c ./SPI.o
                0x00005746                SPI_u8SendToSlave
 .text.SPI_u8Transfer_Data_Master
                0x00005772       0x36 ./SPI.o
                0x00005772                SPI_u8Transfer_Data_Master
 .text.SPI_u8Transfer_Data_Slave
                0x000057a8       0x2c ./SPI.o
                0x000057a8                SPI_u8Transfer_Data_Slave
 .text.__vector_11
                0x000057d4       0x5a ./TIMER0.o
                0x000057d4                __vector_11
 .text.__vector_10
                0x0000582e       0x5a ./TIMER0.o
                0x0000582e                __vector_10
 .text.TIMER0_VidOverFlowInit
                0x00005888       0xc2 ./TIMER0.o
                0x00005888                TIMER0_VidOverFlowInit
 .text.TIMER0_VidCTCInit
                0x0000594a       0xdc ./TIMER0.o
                0x0000594a                TIMER0_VidCTCInit
 .text.TIMER0_VidSetOverFlowInitialValue
                0x00005a26       0x1c ./TIMER0.o
                0x00005a26                TIMER0_VidSetOverFlowInitialValue
 .text.TIMER0_u8GetOverflowFlag
                0x00005a42       0x16 ./TIMER0.o
                0x00005a42                TIMER0_u8GetOverflowFlag
 .text.TIMER0_VidClrFlags
                0x00005a58       0x2a ./TIMER0.o
                0x00005a58                TIMER0_VidClrFlags
 .text.TIMER0_u8GetCTCFlag
                0x00005a82       0x18 ./TIMER0.o
                0x00005a82                TIMER0_u8GetCTCFlag
 .text.TIMER0_VidFastPWMSetT_totalOverFlow
                0x00005a9a       0xce ./TIMER0.o
                0x00005a9a                TIMER0_VidFastPWMSetT_totalOverFlow
 .text.TIMER0_VidSetT_on
                0x00005b68       0x1c ./TIMER0.o
                0x00005b68                TIMER0_VidSetT_on
 .text.TIMER0_VidSetCallbackOverflow
                0x00005b84       0x24 ./TIMER0.o
                0x00005b84                TIMER0_VidSetCallbackOverflow
 .text.TIMER0_VidSetCallbackCTC
                0x00005ba8       0x24 ./TIMER0.o
                0x00005ba8                TIMER0_VidSetCallbackCTC
 .text.TIMER0_u8GetCounter
                0x00005bcc       0x14 ./TIMER0.o
                0x00005bcc                TIMER0_u8GetCounter
 .text.TIMER0_VidDisableOverFlowInterrupt
                0x00005be0       0x1c ./TIMER0.o
                0x00005be0                TIMER0_VidDisableOverFlowInterrupt
 .text.TIMER0_VidDisableCTCInterrupt
                0x00005bfc       0x1c ./TIMER0.o
                0x00005bfc                TIMER0_VidDisableCTCInterrupt
 .text.__vector_9
                0x00005c18       0x5a ./TIMER1.o
                0x00005c18                __vector_9
 .text.__vector_7
                0x00005c72       0x5a ./TIMER1.o
                0x00005c72                __vector_7
 .text.__vector_6
                0x00005ccc       0x5a ./TIMER1.o
                0x00005ccc                __vector_6
 .text.TIMER1_VidOverFlowInit
                0x00005d26       0xc8 ./TIMER1.o
                0x00005d26                TIMER1_VidOverFlowInit
 .text.TIMER1_VidCTCInit
                0x00005dee       0xee ./TIMER1.o
                0x00005dee                TIMER1_VidCTCInit
 .text.TIMER1_VidSetOverFlowInitialValue
                0x00005edc       0x24 ./TIMER1.o
                0x00005edc                TIMER1_VidSetOverFlowInitialValue
 .text.TIMER1_u8GetOverflowFlag
                0x00005f00       0x1a ./TIMER1.o
                0x00005f00                TIMER1_u8GetOverflowFlag
 .text.TIMER1_u8GetCTCFlag
                0x00005f1a       0x1a ./TIMER1.o
                0x00005f1a                TIMER1_u8GetCTCFlag
 .text.TIMER1_VidClrFlags
                0x00005f34       0x2a ./TIMER1.o
                0x00005f34                TIMER1_VidClrFlags
 .text.TIMER1_VidFastPWMSetT_totalCTC
                0x00005f5e       0xda ./TIMER1.o
                0x00005f5e                TIMER1_VidFastPWMSetT_totalCTC
 .text.TIMER1_VidSetT_on
                0x00006038       0x74 ./TIMER1.o
                0x00006038                TIMER1_VidSetT_on
 .text.TIMER1_VidSetCallbackOverflow
                0x000060ac       0x24 ./TIMER1.o
                0x000060ac                TIMER1_VidSetCallbackOverflow
 .text.TIMER1_VidSetCallbackCTC
                0x000060d0       0x24 ./TIMER1.o
                0x000060d0                TIMER1_VidSetCallbackCTC
 .text.TIMER1_VidSetCallbackInputCaptureUnit
                0x000060f4       0x24 ./TIMER1.o
                0x000060f4                TIMER1_VidSetCallbackInputCaptureUnit
 .text.TIMER1_u16GetCounter
                0x00006118       0x16 ./TIMER1.o
                0x00006118                TIMER1_u16GetCounter
 .text.TIMER1_VidInputCaptureUnitInit
                0x0000612e       0x56 ./TIMER1.o
                0x0000612e                TIMER1_VidInputCaptureUnitInit
 .text.TIMER1_VidClrInputCaptureUnitFlag
                0x00006184       0x1c ./TIMER1.o
                0x00006184                TIMER1_VidClrInputCaptureUnitFlag
 .text.TIMER1_u16GetInputCaptureUnitRegister
                0x000061a0       0x16 ./TIMER1.o
                0x000061a0                TIMER1_u16GetInputCaptureUnitRegister
 .text.TIMER1_VidDisableInputCaptureUnitInterrupt
                0x000061b6       0x1c ./TIMER1.o
                0x000061b6                TIMER1_VidDisableInputCaptureUnitInterrupt
 .text.TIMER1_VidDisableOverFlowInterrupt
                0x000061d2       0x1c ./TIMER1.o
                0x000061d2                TIMER1_VidDisableOverFlowInterrupt
 .text.TIMER1_VidDisableCTCInterrupt
                0x000061ee       0x1c ./TIMER1.o
                0x000061ee                TIMER1_VidDisableCTCInterrupt
 .text.TIMER1_VidSetInputCaptureUnitPrepheralInterupt
                0x0000620a       0x1c ./TIMER1.o
                0x0000620a                TIMER1_VidSetInputCaptureUnitPrepheralInterupt
 .text.TIMER1_VidSetOverFlowPrepheralInterupt
                0x00006226       0x1c ./TIMER1.o
                0x00006226                TIMER1_VidSetOverFlowPrepheralInterupt
 .text.TIMER1_VidSetCtcPrepheralInterupt
                0x00006242       0x1c ./TIMER1.o
                0x00006242                TIMER1_VidSetCtcPrepheralInterupt
 .text.__vector_5
                0x0000625e       0x5a ./TIMER2.o
                0x0000625e                __vector_5
 .text.__vector_4
                0x000062b8       0x5a ./TIMER2.o
                0x000062b8                __vector_4
 .text.TIMER2_VidOverFlowInit
                0x00006312       0xea ./TIMER2.o
                0x00006312                TIMER2_VidOverFlowInit
 .text.TIMER2_VidCTCInit
                0x000063fc      0x104 ./TIMER2.o
                0x000063fc                TIMER2_VidCTCInit
 .text.TIMER2_VidSetOverFlowInitialValue
                0x00006500       0x1c ./TIMER2.o
                0x00006500                TIMER2_VidSetOverFlowInitialValue
 .text.TIMER2_u8GetOverflowFlag
                0x0000651c       0x1e ./TIMER2.o
                0x0000651c                TIMER2_u8GetOverflowFlag
 .text.TIMER2_u8GetCTCFlag
                0x0000653a       0x1a ./TIMER2.o
                0x0000653a                TIMER2_u8GetCTCFlag
 .text.TIMER2_VidClrFlags
                0x00006554       0x2a ./TIMER2.o
                0x00006554                TIMER2_VidClrFlags
 .text.TIMER2_VidFastPWMSetT_totalOverFlow
                0x0000657e       0xf6 ./TIMER2.o
                0x0000657e                TIMER2_VidFastPWMSetT_totalOverFlow
 .text.TIMER2_VidSetT_on
                0x00006674       0x1c ./TIMER2.o
                0x00006674                TIMER2_VidSetT_on
 .text.TIMER2_VidSetCallbackOverflow
                0x00006690       0x24 ./TIMER2.o
                0x00006690                TIMER2_VidSetCallbackOverflow
 .text.TIMER2_VidSetCallbackCTC
                0x000066b4       0x24 ./TIMER2.o
                0x000066b4                TIMER2_VidSetCallbackCTC
 .text.TIMER2_u8GetCounter
                0x000066d8       0x14 ./TIMER2.o
                0x000066d8                TIMER2_u8GetCounter
 .text.TIMER2_VidDisableOverFlowInterrupt
                0x000066ec       0x1c ./TIMER2.o
                0x000066ec                TIMER2_VidDisableOverFlowInterrupt
 .text.TIMER2_VidDisableCTCInterrupt
                0x00006708       0x1c ./TIMER2.o
                0x00006708                TIMER2_VidDisableCTCInterrupt
 .text.__vector_13
                0x00006724       0x5a ./UART.o
                0x00006724                __vector_13
 .text.UART_VidSetCallbackReceiveComplete
                0x0000677e       0x24 ./UART.o
                0x0000677e                UART_VidSetCallbackReceiveComplete
 .text.UART_VidInit
                0x000067a2       0x9c ./UART.o
                0x000067a2                UART_VidInit
 .text.UART_u8GetMessage
                0x0000683e       0x14 ./UART.o
                0x0000683e                UART_u8GetMessage
 .text.UART_u8GetRecieveCompleteFlag
                0x00006852       0x1a ./UART.o
                0x00006852                UART_u8GetRecieveCompleteFlag
 .text.UART_VidSend
                0x0000686c       0x34 ./UART.o
                0x0000686c                UART_VidSend
 .text.ULTRASONIC_VidTimer1Callback
                0x000068a0       0x18 ./ULTRASONIC.o
                0x000068a0                ULTRASONIC_VidTimer1Callback
 .text.ULTRASONIC_VidTimer0Callback
                0x000068b8       0x5a ./ULTRASONIC.o
                0x000068b8                ULTRASONIC_VidTimer0Callback
 .text.ULTRASONIC_VidICUCallback
                0x00006912       0x88 ./ULTRASONIC.o
                0x00006912                ULTRASONIC_VidICUCallback
 .text.ULTRASONIC_VidINT0Callback
                0x0000699a       0xa2 ./ULTRASONIC.o
                0x0000699a                ULTRASONIC_VidINT0Callback
 .text.ULTRASONIC_VidINT1Callback
                0x00006a3c       0xa2 ./ULTRASONIC.o
                0x00006a3c                ULTRASONIC_VidINT1Callback
 .text.ULTRASONIC_VidINT0Init
                0x00006ade      0x136 ./ULTRASONIC.o
                0x00006ade                ULTRASONIC_VidINT0Init
 .text.ULTRASONIC_u8INT0GetDistance
                0x00006c14      0x26e ./ULTRASONIC.o
                0x00006c14                ULTRASONIC_u8INT0GetDistance
 .text.ULTRASONIC_VidICUInit
                0x00006e82       0x38 ./ULTRASONIC.o
                0x00006e82                ULTRASONIC_VidICUInit
 .text.ULTRASONIC_u8ICUGetDistance
                0x00006eba      0x27e ./ULTRASONIC.o
                0x00006eba                ULTRASONIC_u8ICUGetDistance
 .text.ULTRASONIC_VidINT1Init
                0x00007138      0x136 ./ULTRASONIC.o
                0x00007138                ULTRASONIC_VidINT1Init
 .text.ULTRASONIC_u8INT1GetDistance
                0x0000726e      0x26e ./ULTRASONIC.o
                0x0000726e                ULTRASONIC_u8INT1GetDistance
 .text.main     0x000074dc       0x36 ./main.o
                0x000074dc                main
 .text.libgcc   0x00007512       0x26 c:/winavr-20100110/bin/../lib/gcc/avr/4.3.3/avr5\libgcc.a(_divmodhi4.o)
                0x00007512                __divmodhi4
                0x00007512                _div
 .text.libgcc   0x00007538       0x36 c:/winavr-20100110/bin/../lib/gcc/avr/4.3.3/avr5\libgcc.a(_divmodsi4.o)
                0x00007538                __divmodsi4
 .text.libgcc   0x0000756e        0x0 c:/winavr-20100110/bin/../lib/gcc/avr/4.3.3/avr5\libgcc.a(_exit.o)
 .text.libgcc   0x0000756e        0x0 c:/winavr-20100110/bin/../lib/gcc/avr/4.3.3/avr5\libgcc.a(_copy_data.o)
 .text.libgcc   0x0000756e        0x0 c:/winavr-20100110/bin/../lib/gcc/avr/4.3.3/avr5\libgcc.a(_clear_bss.o)
 .text.libgcc   0x0000756e       0x3e c:/winavr-20100110/bin/../lib/gcc/avr/4.3.3/avr5\libgcc.a(_mulsi3.o)
                0x0000756e                __mulsi3
 .text.libgcc   0x000075ac       0x28 c:/winavr-20100110/bin/../lib/gcc/avr/4.3.3/avr5\libgcc.a(_udivmodhi4.o)
                0x000075ac                __udivmodhi4
 .text.libgcc   0x000075d4       0x44 c:/winavr-20100110/bin/../lib/gcc/avr/4.3.3/avr5\libgcc.a(_udivmodsi4.o)
                0x000075d4                __udivmodsi4
 .text.libgcc   0x00007618       0x38 c:/winavr-20100110/bin/../lib/gcc/avr/4.3.3/avr5\libgcc.a(_prologue.o)
                0x00007618                __prologue_saves__
 .text.libgcc   0x00007650       0x36 c:/winavr-20100110/bin/../lib/gcc/avr/4.3.3/avr5\libgcc.a(_epilogue.o)
                0x00007650                __epilogue_restores__
                0x00007686                . = ALIGN (0x2)
 *(.fini9)
 .fini9         0x00007686        0x0 c:/winavr-20100110/bin/../lib/gcc/avr/4.3.3/avr5\libgcc.a(_exit.o)
                0x00007686                exit
                0x00007686                _exit
 *(.fini9)
 *(.fini8)
 *(.fini8)
 *(.fini7)
 *(.fini7)
 *(.fini6)
 *(.fini6)
 *(.fini5)
 *(.fini5)
 *(.fini4)
 *(.fini4)
 *(.fini3)
 *(.fini3)
 *(.fini2)
 *(.fini2)
 *(.fini1)
 *(.fini1)
 *(.fini0)
 .fini0         0x00007686        0x4 c:/winavr-20100110/bin/../lib/gcc/avr/4.3.3/avr5\libgcc.a(_exit.o)
 *(.fini0)
                0x0000768a                _etext = .

.data           0x00800060      0x118 load address 0x0000768a
                0x00800060                PROVIDE (__data_start, .)
 *(.data)
 .data          0x00800060        0x0 c:/winavr-20100110/bin/../lib/gcc/avr/4.3.3/../../../../avr/lib/avr5/crtm32.o
 .data          0x00800060        0x0 ./ADC.o
 .data          0x00800060        0x0 ./DCMOTOR.o
 .data          0x00800060        0x0 ./DHT22.o
 .data          0x00800060        0x0 ./DIO.o
 .data          0x00800060        0x0 ./EXTERNAL_INTERRUPT.o
 .data          0x00800060        0x0 ./I2C.o
 .data          0x00800060        0x0 ./KEYPAD.o
 .data          0x00800060        0x0 ./LCD.o
 .data          0x00800060        0x0 ./LED.o
 .data          0x00800060        0x0 ./SERVO_FS90MG.o
 .data          0x00800060        0x0 ./SERVO_SG90.o
 .data          0x00800060        0x0 ./SEVENSEGMENT.o
 .data          0x00800060        0x0 ./SPI.o
 .data          0x00800060        0x0 ./TIMER0.o
 .data          0x00800060        0x0 ./TIMER1.o
 .data          0x00800060        0x0 ./TIMER2.o
 .data          0x00800060        0x0 ./UART.o
 .data          0x00800060        0x0 ./ULTRASONIC.o
 .data          0x00800060        0x0 ./eeprom.o
 .data          0x00800060        0xf ./main.o
 .data          0x0080006f        0x0 c:/winavr-20100110/bin/../lib/gcc/avr/4.3.3/avr5\libgcc.a(_divmodhi4.o)
 .data          0x0080006f        0x0 c:/winavr-20100110/bin/../lib/gcc/avr/4.3.3/avr5\libgcc.a(_divmodsi4.o)
 .data          0x0080006f        0x0 c:/winavr-20100110/bin/../lib/gcc/avr/4.3.3/avr5\libgcc.a(_exit.o)
 .data          0x0080006f        0x0 c:/winavr-20100110/bin/../lib/gcc/avr/4.3.3/avr5\libgcc.a(_copy_data.o)
 .data          0x0080006f        0x0 c:/winavr-20100110/bin/../lib/gcc/avr/4.3.3/avr5\libgcc.a(_clear_bss.o)
 .data          0x0080006f        0x0 c:/winavr-20100110/bin/../lib/gcc/avr/4.3.3/avr5\libgcc.a(_ashldi3.o)
 .data          0x0080006f        0x0 c:/winavr-20100110/bin/../lib/gcc/avr/4.3.3/avr5\libgcc.a(_fixunssfsi.o)
 .data          0x0080006f        0x0 c:/winavr-20100110/bin/../lib/gcc/avr/4.3.3/avr5\libgcc.a(_udivdi3.o)
 .data          0x0080006f        0x0 c:/winavr-20100110/bin/../lib/gcc/avr/4.3.3/avr5\libgcc.a(_umoddi3.o)
 .data          0x0080006f        0x0 c:/winavr-20100110/bin/../lib/gcc/avr/4.3.3/avr5\libgcc.a(_addsub_sf.o)
 .data          0x0080006f        0x0 c:/winavr-20100110/bin/../lib/gcc/avr/4.3.3/avr5\libgcc.a(_mul_sf.o)
 .data          0x0080006f        0x0 c:/winavr-20100110/bin/../lib/gcc/avr/4.3.3/avr5\libgcc.a(_div_sf.o)
 .data          0x0080006f        0x0 c:/winavr-20100110/bin/../lib/gcc/avr/4.3.3/avr5\libgcc.a(_gt_sf.o)
 .data          0x0080006f        0x0 c:/winavr-20100110/bin/../lib/gcc/avr/4.3.3/avr5\libgcc.a(_ge_sf.o)
 .data          0x0080006f        0x0 c:/winavr-20100110/bin/../lib/gcc/avr/4.3.3/avr5\libgcc.a(_lt_sf.o)
 .data          0x0080006f        0x0 c:/winavr-20100110/bin/../lib/gcc/avr/4.3.3/avr5\libgcc.a(_sf_to_si.o)
 .data          0x0080006f        0x8 c:/winavr-20100110/bin/../lib/gcc/avr/4.3.3/avr5\libgcc.a(_thenan_sf.o)
                0x0080006f                __thenan_sf
 .data          0x00800077        0x0 c:/winavr-20100110/bin/../lib/gcc/avr/4.3.3/avr5\libgcc.a(_usi_to_sf.o)
 .data          0x00800077        0x0 c:/winavr-20100110/bin/../lib/gcc/avr/4.3.3/avr5\libgcc.a(_mulsi3.o)
 .data          0x00800077        0x0 c:/winavr-20100110/bin/../lib/gcc/avr/4.3.3/avr5\libgcc.a(_udivmodhi4.o)
 .data          0x00800077        0x0 c:/winavr-20100110/bin/../lib/gcc/avr/4.3.3/avr5\libgcc.a(_udivmodsi4.o)
 .data          0x00800077        0x0 c:/winavr-20100110/bin/../lib/gcc/avr/4.3.3/avr5\libgcc.a(_prologue.o)
 .data          0x00800077        0x0 c:/winavr-20100110/bin/../lib/gcc/avr/4.3.3/avr5\libgcc.a(_epilogue.o)
 .data          0x00800077      0x100 c:/winavr-20100110/bin/../lib/gcc/avr/4.3.3/avr5\libgcc.a(_clz.o)
                0x00800077                __clz_tab
 .data          0x00800177        0x0 c:/winavr-20100110/bin/../lib/gcc/avr/4.3.3/avr5\libgcc.a(_clzsi2.o)
 .data          0x00800177        0x0 c:/winavr-20100110/bin/../lib/gcc/avr/4.3.3/avr5\libgcc.a(_pack_sf.o)
 .data          0x00800177        0x0 c:/winavr-20100110/bin/../lib/gcc/avr/4.3.3/avr5\libgcc.a(_unpack_sf.o)
 .data          0x00800177        0x0 c:/winavr-20100110/bin/../lib/gcc/avr/4.3.3/avr5\libgcc.a(_fpcmp_parts_sf.o)
 *(.data*)
 *(.rodata)
 *(.rodata*)
 *(.gnu.linkonce.d*)
                0x00800178                . = ALIGN (0x2)
 *fill*         0x00800177        0x1 00
                0x00800178                _edata = .
                0x00800178                PROVIDE (__data_end, .)

.bss            0x00800178       0x2e
                0x00800178                PROVIDE (__bss_start, .)
 *(.bss)
 .bss           0x00800178        0x0 c:/winavr-20100110/bin/../lib/gcc/avr/4.3.3/../../../../avr/lib/avr5/crtm32.o
 .bss           0x00800178        0x0 ./ADC.o
 .bss           0x00800178        0x0 ./DCMOTOR.o
 .bss           0x00800178        0x0 ./DHT22.o
 .bss           0x00800178        0x0 ./DIO.o
 .bss           0x00800178        0x0 ./EXTERNAL_INTERRUPT.o
 .bss           0x00800178        0x0 ./I2C.o
 .bss           0x00800178        0x0 ./KEYPAD.o
 .bss           0x00800178        0x0 ./LCD.o
 .bss           0x00800178        0x0 ./LED.o
 .bss           0x00800178        0x0 ./SERVO_FS90MG.o
 .bss           0x00800178        0x0 ./SERVO_SG90.o
 .bss           0x00800178        0x0 ./SEVENSEGMENT.o
 .bss           0x00800178        0x0 ./SPI.o
 .bss           0x00800178        0x0 ./TIMER0.o
 .bss           0x00800178        0x0 ./TIMER1.o
 .bss           0x00800178        0x0 ./TIMER2.o
 .bss           0x00800178        0x0 ./UART.o
 .bss           0x00800178        0x0 ./ULTRASONIC.o
 .bss           0x00800178        0x0 ./eeprom.o
 .bss           0x00800178        0x0 ./main.o
 .bss           0x00800178        0x0 c:/winavr-20100110/bin/../lib/gcc/avr/4.3.3/avr5\libgcc.a(_divmodhi4.o)
 .bss           0x00800178        0x0 c:/winavr-20100110/bin/../lib/gcc/avr/4.3.3/avr5\libgcc.a(_divmodsi4.o)
 .bss           0x00800178        0x0 c:/winavr-20100110/bin/../lib/gcc/avr/4.3.3/avr5\libgcc.a(_exit.o)
 .bss           0x00800178        0x0 c:/winavr-20100110/bin/../lib/gcc/avr/4.3.3/avr5\libgcc.a(_copy_data.o)
 .bss           0x00800178        0x0 c:/winavr-20100110/bin/../lib/gcc/avr/4.3.3/avr5\libgcc.a(_clear_bss.o)
 .bss           0x00800178        0x0 c:/winavr-20100110/bin/../lib/gcc/avr/4.3.3/avr5\libgcc.a(_ashldi3.o)
 .bss           0x00800178        0x0 c:/winavr-20100110/bin/../lib/gcc/avr/4.3.3/avr5\libgcc.a(_fixunssfsi.o)
 .bss           0x00800178        0x0 c:/winavr-20100110/bin/../lib/gcc/avr/4.3.3/avr5\libgcc.a(_udivdi3.o)
 .bss           0x00800178        0x0 c:/winavr-20100110/bin/../lib/gcc/avr/4.3.3/avr5\libgcc.a(_umoddi3.o)
 .bss           0x00800178        0x0 c:/winavr-20100110/bin/../lib/gcc/avr/4.3.3/avr5\libgcc.a(_addsub_sf.o)
 .bss           0x00800178        0x0 c:/winavr-20100110/bin/../lib/gcc/avr/4.3.3/avr5\libgcc.a(_mul_sf.o)
 .bss           0x00800178        0x0 c:/winavr-20100110/bin/../lib/gcc/avr/4.3.3/avr5\libgcc.a(_div_sf.o)
 .bss           0x00800178        0x0 c:/winavr-20100110/bin/../lib/gcc/avr/4.3.3/avr5\libgcc.a(_gt_sf.o)
 .bss           0x00800178        0x0 c:/winavr-20100110/bin/../lib/gcc/avr/4.3.3/avr5\libgcc.a(_ge_sf.o)
 .bss           0x00800178        0x0 c:/winavr-20100110/bin/../lib/gcc/avr/4.3.3/avr5\libgcc.a(_lt_sf.o)
 .bss           0x00800178        0x0 c:/winavr-20100110/bin/../lib/gcc/avr/4.3.3/avr5\libgcc.a(_sf_to_si.o)
 .bss           0x00800178        0x0 c:/winavr-20100110/bin/../lib/gcc/avr/4.3.3/avr5\libgcc.a(_thenan_sf.o)
 .bss           0x00800178        0x0 c:/winavr-20100110/bin/../lib/gcc/avr/4.3.3/avr5\libgcc.a(_usi_to_sf.o)
 .bss           0x00800178        0x0 c:/winavr-20100110/bin/../lib/gcc/avr/4.3.3/avr5\libgcc.a(_mulsi3.o)
 .bss           0x00800178        0x0 c:/winavr-20100110/bin/../lib/gcc/avr/4.3.3/avr5\libgcc.a(_udivmodhi4.o)
 .bss           0x00800178        0x0 c:/winavr-20100110/bin/../lib/gcc/avr/4.3.3/avr5\libgcc.a(_udivmodsi4.o)
 .bss           0x00800178        0x0 c:/winavr-20100110/bin/../lib/gcc/avr/4.3.3/avr5\libgcc.a(_prologue.o)
 .bss           0x00800178        0x0 c:/winavr-20100110/bin/../lib/gcc/avr/4.3.3/avr5\libgcc.a(_epilogue.o)
 .bss           0x00800178        0x0 c:/winavr-20100110/bin/../lib/gcc/avr/4.3.3/avr5\libgcc.a(_clz.o)
 .bss           0x00800178        0x0 c:/winavr-20100110/bin/../lib/gcc/avr/4.3.3/avr5\libgcc.a(_clzsi2.o)
 .bss           0x00800178        0x0 c:/winavr-20100110/bin/../lib/gcc/avr/4.3.3/avr5\libgcc.a(_pack_sf.o)
 .bss           0x00800178        0x0 c:/winavr-20100110/bin/../lib/gcc/avr/4.3.3/avr5\libgcc.a(_unpack_sf.o)
 .bss           0x00800178        0x0 c:/winavr-20100110/bin/../lib/gcc/avr/4.3.3/avr5\libgcc.a(_fpcmp_parts_sf.o)
 *(.bss*)
 .bss.Receive_Data
                0x00800178        0x1 ./DHT22.o
                0x00800178                Receive_Data
 .bss.counter   0x00800179        0x1 ./DHT22.o
                0x00800179                counter
 .bss.counter2  0x0080017a        0x1 ./DHT22.o
                0x0080017a                counter2
 .bss.u32Timer0OverFlowCounter
                0x0080017b        0x4 ./ULTRASONIC.o
                0x0080017b                u32Timer0OverFlowCounter
 .bss.u8Timer1OverFlowCounter
                0x0080017f        0x1 ./ULTRASONIC.o
                0x0080017f                u8Timer1OverFlowCounter
 .bss.u32Timer2OverFlowCounter
                0x00800180        0x4 ./ULTRASONIC.o
                0x00800180                u32Timer2OverFlowCounter
 .bss.u8flag    0x00800184        0x1 ./ULTRASONIC.o
                0x00800184                u8flag
 .bss.u32snap1  0x00800185        0x4 ./ULTRASONIC.o
                0x00800185                u32snap1
 .bss.u32snap2  0x00800189        0x4 ./ULTRASONIC.o
                0x00800189                u32snap2
 .bss.u8CheckICU
                0x0080018d        0x1 ./ULTRASONIC.o
                0x0080018d                u8CheckICU
 *(COMMON)
 COMMON         0x0080018e        0x2 ./ADC.o
                0x0080018e                ADC_ISR
 COMMON         0x00800190        0x4 ./EXTERNAL_INTERRUPT.o
                0x00800190                EXTERNAL_INTERRUPTI_ISR0
                0x00800192                EXTERNAL_INTERRUPTI_ISR1
 COMMON         0x00800194        0x2 ./SPI.o
                0x00800194                SPI
 COMMON         0x00800196        0x4 ./TIMER0.o
                0x00800196                TIMER0_ISR1
                0x00800198                TIMER0_ISR0
 COMMON         0x0080019a        0x6 ./TIMER1.o
                0x0080019a                TIMER1_ISR2
                0x0080019c                TIMER1_ISR0
                0x0080019e                TIMER1_ISR1
 COMMON         0x008001a0        0x4 ./TIMER2.o
                0x008001a0                TIMER2_ISR1
                0x008001a2                TIMER2_ISR0
 COMMON         0x008001a4        0x2 ./UART.o
                0x008001a4                UART_ISR
                0x008001a6                PROVIDE (__bss_end, .)
                0x0000768a                __data_load_start = LOADADDR (.data)
                0x000077a2                __data_load_end = (__data_load_start + SIZEOF (.data))

.noinit         0x008001a6        0x0
                0x008001a6                PROVIDE (__noinit_start, .)
 *(.noinit*)
                0x008001a6                PROVIDE (__noinit_end, .)
                0x008001a6                _end = .
                0x008001a6                PROVIDE (__heap_start, .)

.eeprom         0x00810000        0x0
 *(.eeprom*)
                0x00810000                __eeprom_end = .

.fuse
 *(.fuse)
 *(.lfuse)
 *(.hfuse)
 *(.efuse)

.lock
 *(.lock*)

.signature
 *(.signature*)

.stab           0x00000000     0x57cc
 *(.stab)
 .stab          0x00000000      0x48c ./ADC.o
 .stab          0x0000048c      0x168 ./DCMOTOR.o
                                0x1f8 (size before relaxing)
 .stab          0x000005f4      0x678 ./DHT22.o
                                0x708 (size before relaxing)
 .stab          0x00000c6c      0x540 ./DIO.o
                                0x5d0 (size before relaxing)
 .stab          0x000011ac      0x390 ./EXTERNAL_INTERRUPT.o
                                0x420 (size before relaxing)
 .stab          0x0000153c      0x42c ./I2C.o
                                0x4bc (size before relaxing)
 .stab          0x00001968      0x39c ./KEYPAD.o
                                0x5b8 (size before relaxing)
 .stab          0x00001d04      0x9a8 ./LCD.o
                                0xbc4 (size before relaxing)
 .stab          0x000026ac      0x168 ./LED.o
                                0x1f8 (size before relaxing)
 .stab          0x00002814      0x1f8 ./SERVO_FS90MG.o
                                0x288 (size before relaxing)
 .stab          0x00002a0c      0x1f8 ./SERVO_SG90.o
                                0x288 (size before relaxing)
 .stab          0x00002c04      0x2e8 ./SEVENSEGMENT.o
                                0x378 (size before relaxing)
 .stab          0x00002eec      0x588 ./SPI.o
                                0x618 (size before relaxing)
 .stab          0x00003474      0x594 ./TIMER0.o
                                0x624 (size before relaxing)
 .stab          0x00003a08      0x828 ./TIMER1.o
                                0x8b8 (size before relaxing)
 .stab          0x00004230      0x5dc ./TIMER2.o
                                0x66c (size before relaxing)
 .stab          0x0000480c      0x2b8 ./UART.o
                                0x348 (size before relaxing)
 .stab          0x00004ac4      0xabc ./ULTRASONIC.o
                                0xcd8 (size before relaxing)
 .stab          0x00005580       0xd8 ./eeprom.o
                                 0xe4 (size before relaxing)
 .stab          0x00005658      0x174 ./main.o
                                0x390 (size before relaxing)

.stabstr        0x00000000     0x1e5e
 *(.stabstr)
 .stabstr       0x00000000     0x1e5e ./ADC.o

.stab.excl
 *(.stab.excl)

.stab.exclstr
 *(.stab.exclstr)

.stab.index
 *(.stab.index)

.stab.indexstr
 *(.stab.indexstr)

.comment
 *(.comment)

.debug
 *(.debug)

.line
 *(.line)

.debug_srcinfo
 *(.debug_srcinfo)

.debug_sfnames
 *(.debug_sfnames)

.debug_aranges  0x00000000      0x200
 *(.debug_aranges)
 .debug_aranges
                0x00000000       0x20 c:/winavr-20100110/bin/../lib/gcc/avr/4.3.3/avr5\libgcc.a(_ashldi3.o)
 .debug_aranges
                0x00000020       0x20 c:/winavr-20100110/bin/../lib/gcc/avr/4.3.3/avr5\libgcc.a(_fixunssfsi.o)
 .debug_aranges
                0x00000040       0x20 c:/winavr-20100110/bin/../lib/gcc/avr/4.3.3/avr5\libgcc.a(_udivdi3.o)
 .debug_aranges
                0x00000060       0x20 c:/winavr-20100110/bin/../lib/gcc/avr/4.3.3/avr5\libgcc.a(_umoddi3.o)
 .debug_aranges
                0x00000080       0x20 c:/winavr-20100110/bin/../lib/gcc/avr/4.3.3/avr5\libgcc.a(_addsub_sf.o)
 .debug_aranges
                0x000000a0       0x20 c:/winavr-20100110/bin/../lib/gcc/avr/4.3.3/avr5\libgcc.a(_mul_sf.o)
 .debug_aranges
                0x000000c0       0x20 c:/winavr-20100110/bin/../lib/gcc/avr/4.3.3/avr5\libgcc.a(_div_sf.o)
 .debug_aranges
                0x000000e0       0x20 c:/winavr-20100110/bin/../lib/gcc/avr/4.3.3/avr5\libgcc.a(_gt_sf.o)
 .debug_aranges
                0x00000100       0x20 c:/winavr-20100110/bin/../lib/gcc/avr/4.3.3/avr5\libgcc.a(_ge_sf.o)
 .debug_aranges
                0x00000120       0x20 c:/winavr-20100110/bin/../lib/gcc/avr/4.3.3/avr5\libgcc.a(_lt_sf.o)
 .debug_aranges
                0x00000140       0x20 c:/winavr-20100110/bin/../lib/gcc/avr/4.3.3/avr5\libgcc.a(_sf_to_si.o)
 .debug_aranges
                0x00000160       0x20 c:/winavr-20100110/bin/../lib/gcc/avr/4.3.3/avr5\libgcc.a(_usi_to_sf.o)
 .debug_aranges
                0x00000180       0x20 c:/winavr-20100110/bin/../lib/gcc/avr/4.3.3/avr5\libgcc.a(_clzsi2.o)
 .debug_aranges
                0x000001a0       0x20 c:/winavr-20100110/bin/../lib/gcc/avr/4.3.3/avr5\libgcc.a(_pack_sf.o)
 .debug_aranges
                0x000001c0       0x20 c:/winavr-20100110/bin/../lib/gcc/avr/4.3.3/avr5\libgcc.a(_unpack_sf.o)
 .debug_aranges
                0x000001e0       0x20 c:/winavr-20100110/bin/../lib/gcc/avr/4.3.3/avr5\libgcc.a(_fpcmp_parts_sf.o)

.debug_pubnames
                0x00000000      0x252
 *(.debug_pubnames)
 .debug_pubnames
                0x00000000       0x20 c:/winavr-20100110/bin/../lib/gcc/avr/4.3.3/avr5\libgcc.a(_ashldi3.o)
 .debug_pubnames
                0x00000020       0x23 c:/winavr-20100110/bin/../lib/gcc/avr/4.3.3/avr5\libgcc.a(_fixunssfsi.o)
 .debug_pubnames
                0x00000043       0x20 c:/winavr-20100110/bin/../lib/gcc/avr/4.3.3/avr5\libgcc.a(_udivdi3.o)
 .debug_pubnames
                0x00000063       0x20 c:/winavr-20100110/bin/../lib/gcc/avr/4.3.3/avr5\libgcc.a(_umoddi3.o)
 .debug_pubnames
                0x00000083       0x2c c:/winavr-20100110/bin/../lib/gcc/avr/4.3.3/avr5\libgcc.a(_addsub_sf.o)
 .debug_pubnames
                0x000000af       0x1f c:/winavr-20100110/bin/../lib/gcc/avr/4.3.3/avr5\libgcc.a(_mul_sf.o)
 .debug_pubnames
                0x000000ce       0x1f c:/winavr-20100110/bin/../lib/gcc/avr/4.3.3/avr5\libgcc.a(_div_sf.o)
 .debug_pubnames
                0x000000ed       0x1e c:/winavr-20100110/bin/../lib/gcc/avr/4.3.3/avr5\libgcc.a(_gt_sf.o)
 .debug_pubnames
                0x0000010b       0x1e c:/winavr-20100110/bin/../lib/gcc/avr/4.3.3/avr5\libgcc.a(_ge_sf.o)
 .debug_pubnames
                0x00000129       0x1e c:/winavr-20100110/bin/../lib/gcc/avr/4.3.3/avr5\libgcc.a(_lt_sf.o)
 .debug_pubnames
                0x00000147       0x20 c:/winavr-20100110/bin/../lib/gcc/avr/4.3.3/avr5\libgcc.a(_sf_to_si.o)
 .debug_pubnames
                0x00000167       0x22 c:/winavr-20100110/bin/../lib/gcc/avr/4.3.3/avr5\libgcc.a(_thenan_sf.o)
 .debug_pubnames
                0x00000189       0x24 c:/winavr-20100110/bin/../lib/gcc/avr/4.3.3/avr5\libgcc.a(_usi_to_sf.o)
 .debug_pubnames
                0x000001ad       0x20 c:/winavr-20100110/bin/../lib/gcc/avr/4.3.3/avr5\libgcc.a(_clz.o)
 .debug_pubnames
                0x000001cd       0x1f c:/winavr-20100110/bin/../lib/gcc/avr/4.3.3/avr5\libgcc.a(_clzsi2.o)
 .debug_pubnames
                0x000001ec       0x1f c:/winavr-20100110/bin/../lib/gcc/avr/4.3.3/avr5\libgcc.a(_pack_sf.o)
 .debug_pubnames
                0x0000020b       0x21 c:/winavr-20100110/bin/../lib/gcc/avr/4.3.3/avr5\libgcc.a(_unpack_sf.o)
 .debug_pubnames
                0x0000022c       0x26 c:/winavr-20100110/bin/../lib/gcc/avr/4.3.3/avr5\libgcc.a(_fpcmp_parts_sf.o)

.debug_info     0x00000000     0x33ff
 *(.debug_info)
 .debug_info    0x00000000      0x17f c:/winavr-20100110/bin/../lib/gcc/avr/4.3.3/avr5\libgcc.a(_ashldi3.o)
 .debug_info    0x0000017f       0xb1 c:/winavr-20100110/bin/../lib/gcc/avr/4.3.3/avr5\libgcc.a(_fixunssfsi.o)
 .debug_info    0x00000230      0x71e c:/winavr-20100110/bin/../lib/gcc/avr/4.3.3/avr5\libgcc.a(_udivdi3.o)
 .debug_info    0x0000094e      0x757 c:/winavr-20100110/bin/../lib/gcc/avr/4.3.3/avr5\libgcc.a(_umoddi3.o)
 .debug_info    0x000010a5      0x47a c:/winavr-20100110/bin/../lib/gcc/avr/4.3.3/avr5\libgcc.a(_addsub_sf.o)
 .debug_info    0x0000151f      0x485 c:/winavr-20100110/bin/../lib/gcc/avr/4.3.3/avr5\libgcc.a(_mul_sf.o)
 .debug_info    0x000019a4      0x3fc c:/winavr-20100110/bin/../lib/gcc/avr/4.3.3/avr5\libgcc.a(_div_sf.o)
 .debug_info    0x00001da0      0x27f c:/winavr-20100110/bin/../lib/gcc/avr/4.3.3/avr5\libgcc.a(_gt_sf.o)
 .debug_info    0x0000201f      0x27f c:/winavr-20100110/bin/../lib/gcc/avr/4.3.3/avr5\libgcc.a(_ge_sf.o)
 .debug_info    0x0000229e      0x27f c:/winavr-20100110/bin/../lib/gcc/avr/4.3.3/avr5\libgcc.a(_lt_sf.o)
 .debug_info    0x0000251d      0x2b0 c:/winavr-20100110/bin/../lib/gcc/avr/4.3.3/avr5\libgcc.a(_sf_to_si.o)
 .debug_info    0x000027cd      0x12c c:/winavr-20100110/bin/../lib/gcc/avr/4.3.3/avr5\libgcc.a(_thenan_sf.o)
 .debug_info    0x000028f9      0x206 c:/winavr-20100110/bin/../lib/gcc/avr/4.3.3/avr5\libgcc.a(_usi_to_sf.o)
 .debug_info    0x00002aff       0xa9 c:/winavr-20100110/bin/../lib/gcc/avr/4.3.3/avr5\libgcc.a(_clz.o)
 .debug_info    0x00002ba8      0x117 c:/winavr-20100110/bin/../lib/gcc/avr/4.3.3/avr5\libgcc.a(_clzsi2.o)
 .debug_info    0x00002cbf      0x2df c:/winavr-20100110/bin/../lib/gcc/avr/4.3.3/avr5\libgcc.a(_pack_sf.o)
 .debug_info    0x00002f9e      0x251 c:/winavr-20100110/bin/../lib/gcc/avr/4.3.3/avr5\libgcc.a(_unpack_sf.o)
 .debug_info    0x000031ef      0x210 c:/winavr-20100110/bin/../lib/gcc/avr/4.3.3/avr5\libgcc.a(_fpcmp_parts_sf.o)
 *(.gnu.linkonce.wi.*)

.debug_abbrev   0x00000000     0x1785
 *(.debug_abbrev)
 .debug_abbrev  0x00000000       0xee c:/winavr-20100110/bin/../lib/gcc/avr/4.3.3/avr5\libgcc.a(_ashldi3.o)
 .debug_abbrev  0x000000ee       0x5d c:/winavr-20100110/bin/../lib/gcc/avr/4.3.3/avr5\libgcc.a(_fixunssfsi.o)
 .debug_abbrev  0x0000014b      0x181 c:/winavr-20100110/bin/../lib/gcc/avr/4.3.3/avr5\libgcc.a(_udivdi3.o)
 .debug_abbrev  0x000002cc      0x190 c:/winavr-20100110/bin/../lib/gcc/avr/4.3.3/avr5\libgcc.a(_umoddi3.o)
 .debug_abbrev  0x0000045c      0x1ea c:/winavr-20100110/bin/../lib/gcc/avr/4.3.3/avr5\libgcc.a(_addsub_sf.o)
 .debug_abbrev  0x00000646      0x21b c:/winavr-20100110/bin/../lib/gcc/avr/4.3.3/avr5\libgcc.a(_mul_sf.o)
 .debug_abbrev  0x00000861      0x216 c:/winavr-20100110/bin/../lib/gcc/avr/4.3.3/avr5\libgcc.a(_div_sf.o)
 .debug_abbrev  0x00000a77      0x15a c:/winavr-20100110/bin/../lib/gcc/avr/4.3.3/avr5\libgcc.a(_gt_sf.o)
 .debug_abbrev  0x00000bd1      0x15a c:/winavr-20100110/bin/../lib/gcc/avr/4.3.3/avr5\libgcc.a(_ge_sf.o)
 .debug_abbrev  0x00000d2b      0x15a c:/winavr-20100110/bin/../lib/gcc/avr/4.3.3/avr5\libgcc.a(_lt_sf.o)
 .debug_abbrev  0x00000e85      0x17f c:/winavr-20100110/bin/../lib/gcc/avr/4.3.3/avr5\libgcc.a(_sf_to_si.o)
 .debug_abbrev  0x00001004       0xad c:/winavr-20100110/bin/../lib/gcc/avr/4.3.3/avr5\libgcc.a(_thenan_sf.o)
 .debug_abbrev  0x000010b1      0x157 c:/winavr-20100110/bin/../lib/gcc/avr/4.3.3/avr5\libgcc.a(_usi_to_sf.o)
 .debug_abbrev  0x00001208       0x6a c:/winavr-20100110/bin/../lib/gcc/avr/4.3.3/avr5\libgcc.a(_clz.o)
 .debug_abbrev  0x00001272       0xc4 c:/winavr-20100110/bin/../lib/gcc/avr/4.3.3/avr5\libgcc.a(_clzsi2.o)
 .debug_abbrev  0x00001336      0x1c0 c:/winavr-20100110/bin/../lib/gcc/avr/4.3.3/avr5\libgcc.a(_pack_sf.o)
 .debug_abbrev  0x000014f6      0x154 c:/winavr-20100110/bin/../lib/gcc/avr/4.3.3/avr5\libgcc.a(_unpack_sf.o)
 .debug_abbrev  0x0000164a      0x13b c:/winavr-20100110/bin/../lib/gcc/avr/4.3.3/avr5\libgcc.a(_fpcmp_parts_sf.o)

.debug_line     0x00000000     0x16b5
 *(.debug_line)
 .debug_line    0x00000000       0xd7 c:/winavr-20100110/bin/../lib/gcc/avr/4.3.3/avr5\libgcc.a(_ashldi3.o)
 .debug_line    0x000000d7       0xa7 c:/winavr-20100110/bin/../lib/gcc/avr/4.3.3/avr5\libgcc.a(_fixunssfsi.o)
 .debug_line    0x0000017e      0x1d8 c:/winavr-20100110/bin/../lib/gcc/avr/4.3.3/avr5\libgcc.a(_udivdi3.o)
 .debug_line    0x00000356      0x230 c:/winavr-20100110/bin/../lib/gcc/avr/4.3.3/avr5\libgcc.a(_umoddi3.o)
 .debug_line    0x00000586      0x2af c:/winavr-20100110/bin/../lib/gcc/avr/4.3.3/avr5\libgcc.a(_addsub_sf.o)
 .debug_line    0x00000835      0x239 c:/winavr-20100110/bin/../lib/gcc/avr/4.3.3/avr5\libgcc.a(_mul_sf.o)
 .debug_line    0x00000a6e      0x1d5 c:/winavr-20100110/bin/../lib/gcc/avr/4.3.3/avr5\libgcc.a(_div_sf.o)
 .debug_line    0x00000c43       0xd3 c:/winavr-20100110/bin/../lib/gcc/avr/4.3.3/avr5\libgcc.a(_gt_sf.o)
 .debug_line    0x00000d16       0xd3 c:/winavr-20100110/bin/../lib/gcc/avr/4.3.3/avr5\libgcc.a(_ge_sf.o)
 .debug_line    0x00000de9       0xd3 c:/winavr-20100110/bin/../lib/gcc/avr/4.3.3/avr5\libgcc.a(_lt_sf.o)
 .debug_line    0x00000ebc      0x109 c:/winavr-20100110/bin/../lib/gcc/avr/4.3.3/avr5\libgcc.a(_sf_to_si.o)
 .debug_line    0x00000fc5       0x90 c:/winavr-20100110/bin/../lib/gcc/avr/4.3.3/avr5\libgcc.a(_thenan_sf.o)
 .debug_line    0x00001055      0x133 c:/winavr-20100110/bin/../lib/gcc/avr/4.3.3/avr5\libgcc.a(_usi_to_sf.o)
 .debug_line    0x00001188       0x7c c:/winavr-20100110/bin/../lib/gcc/avr/4.3.3/avr5\libgcc.a(_clz.o)
 .debug_line    0x00001204       0xa5 c:/winavr-20100110/bin/../lib/gcc/avr/4.3.3/avr5\libgcc.a(_clzsi2.o)
 .debug_line    0x000012a9      0x18a c:/winavr-20100110/bin/../lib/gcc/avr/4.3.3/avr5\libgcc.a(_pack_sf.o)
 .debug_line    0x00001433      0x14b c:/winavr-20100110/bin/../lib/gcc/avr/4.3.3/avr5\libgcc.a(_unpack_sf.o)
 .debug_line    0x0000157e      0x137 c:/winavr-20100110/bin/../lib/gcc/avr/4.3.3/avr5\libgcc.a(_fpcmp_parts_sf.o)

.debug_frame    0x00000000      0x220
 *(.debug_frame)
 .debug_frame   0x00000000       0x20 c:/winavr-20100110/bin/../lib/gcc/avr/4.3.3/avr5\libgcc.a(_ashldi3.o)
 .debug_frame   0x00000020       0x20 c:/winavr-20100110/bin/../lib/gcc/avr/4.3.3/avr5\libgcc.a(_fixunssfsi.o)
 .debug_frame   0x00000040       0x20 c:/winavr-20100110/bin/../lib/gcc/avr/4.3.3/avr5\libgcc.a(_udivdi3.o)
 .debug_frame   0x00000060       0x20 c:/winavr-20100110/bin/../lib/gcc/avr/4.3.3/avr5\libgcc.a(_umoddi3.o)
 .debug_frame   0x00000080       0x40 c:/winavr-20100110/bin/../lib/gcc/avr/4.3.3/avr5\libgcc.a(_addsub_sf.o)
 .debug_frame   0x000000c0       0x20 c:/winavr-20100110/bin/../lib/gcc/avr/4.3.3/avr5\libgcc.a(_mul_sf.o)
 .debug_frame   0x000000e0       0x20 c:/winavr-20100110/bin/../lib/gcc/avr/4.3.3/avr5\libgcc.a(_div_sf.o)
 .debug_frame   0x00000100       0x20 c:/winavr-20100110/bin/../lib/gcc/avr/4.3.3/avr5\libgcc.a(_gt_sf.o)
 .debug_frame   0x00000120       0x20 c:/winavr-20100110/bin/../lib/gcc/avr/4.3.3/avr5\libgcc.a(_ge_sf.o)
 .debug_frame   0x00000140       0x20 c:/winavr-20100110/bin/../lib/gcc/avr/4.3.3/avr5\libgcc.a(_lt_sf.o)
 .debug_frame   0x00000160       0x20 c:/winavr-20100110/bin/../lib/gcc/avr/4.3.3/avr5\libgcc.a(_sf_to_si.o)
 .debug_frame   0x00000180       0x20 c:/winavr-20100110/bin/../lib/gcc/avr/4.3.3/avr5\libgcc.a(_usi_to_sf.o)
 .debug_frame   0x000001a0       0x20 c:/winavr-20100110/bin/../lib/gcc/avr/4.3.3/avr5\libgcc.a(_clzsi2.o)
 .debug_frame   0x000001c0       0x20 c:/winavr-20100110/bin/../lib/gcc/avr/4.3.3/avr5\libgcc.a(_pack_sf.o)
 .debug_frame   0x000001e0       0x20 c:/winavr-20100110/bin/../lib/gcc/avr/4.3.3/avr5\libgcc.a(_unpack_sf.o)
 .debug_frame   0x00000200       0x20 c:/winavr-20100110/bin/../lib/gcc/avr/4.3.3/avr5\libgcc.a(_fpcmp_parts_sf.o)

.debug_str      0x00000000      0x399
 *(.debug_str)
 .debug_str     0x00000000       0xdf c:/winavr-20100110/bin/../lib/gcc/avr/4.3.3/avr5\libgcc.a(_ashldi3.o)
                                0x131 (size before relaxing)
 .debug_str     0x000000df       0x14 c:/winavr-20100110/bin/../lib/gcc/avr/4.3.3/avr5\libgcc.a(_fixunssfsi.o)
                                 0xfe (size before relaxing)
 .debug_str     0x000000f3       0x7c c:/winavr-20100110/bin/../lib/gcc/avr/4.3.3/avr5\libgcc.a(_udivdi3.o)
                                0x18a (size before relaxing)
 .debug_str     0x0000016f        0xa c:/winavr-20100110/bin/../lib/gcc/avr/4.3.3/avr5\libgcc.a(_umoddi3.o)
                                0x18a (size before relaxing)
 .debug_str     0x00000179      0x14d c:/winavr-20100110/bin/../lib/gcc/avr/4.3.3/avr5\libgcc.a(_addsub_sf.o)
                                0x206 (size before relaxing)
 .debug_str     0x000002c6       0x27 c:/winavr-20100110/bin/../lib/gcc/avr/4.3.3/avr5\libgcc.a(_mul_sf.o)
                                0x1bf (size before relaxing)
 .debug_str     0x000002ed       0x35 c:/winavr-20100110/bin/../lib/gcc/avr/4.3.3/avr5\libgcc.a(_div_sf.o)
                                0x1c8 (size before relaxing)
 .debug_str     0x00000322        0x8 c:/winavr-20100110/bin/../lib/gcc/avr/4.3.3/avr5\libgcc.a(_gt_sf.o)
                                0x195 (size before relaxing)
 .debug_str     0x0000032a        0x8 c:/winavr-20100110/bin/../lib/gcc/avr/4.3.3/avr5\libgcc.a(_ge_sf.o)
                                0x195 (size before relaxing)
 .debug_str     0x00000332        0x8 c:/winavr-20100110/bin/../lib/gcc/avr/4.3.3/avr5\libgcc.a(_lt_sf.o)
                                0x195 (size before relaxing)
 .debug_str     0x0000033a        0xa c:/winavr-20100110/bin/../lib/gcc/avr/4.3.3/avr5\libgcc.a(_sf_to_si.o)
                                0x19e (size before relaxing)
 .debug_str     0x00000000      0x103 c:/winavr-20100110/bin/../lib/gcc/avr/4.3.3/avr5\libgcc.a(_thenan_sf.o)
 .debug_str     0x00000344       0x21 c:/winavr-20100110/bin/../lib/gcc/avr/4.3.3/avr5\libgcc.a(_usi_to_sf.o)
                                0x177 (size before relaxing)
 .debug_str     0x00000000       0xf4 c:/winavr-20100110/bin/../lib/gcc/avr/4.3.3/avr5\libgcc.a(_clz.o)
 .debug_str     0x00000365        0x9 c:/winavr-20100110/bin/../lib/gcc/avr/4.3.3/avr5\libgcc.a(_clzsi2.o)
                                0x111 (size before relaxing)
 .debug_str     0x0000036e       0x10 c:/winavr-20100110/bin/../lib/gcc/avr/4.3.3/avr5\libgcc.a(_pack_sf.o)
                                0x19d (size before relaxing)
 .debug_str     0x0000037e        0xb c:/winavr-20100110/bin/../lib/gcc/avr/4.3.3/avr5\libgcc.a(_unpack_sf.o)
                                0x17f (size before relaxing)
 .debug_str     0x00000389       0x10 c:/winavr-20100110/bin/../lib/gcc/avr/4.3.3/avr5\libgcc.a(_fpcmp_parts_sf.o)
                                0x163 (size before relaxing)

.debug_loc      0x00000000     0x238c
 *(.debug_loc)
 .debug_loc     0x00000000       0xf8 c:/winavr-20100110/bin/../lib/gcc/avr/4.3.3/avr5\libgcc.a(_ashldi3.o)
 .debug_loc     0x000000f8       0x34 c:/winavr-20100110/bin/../lib/gcc/avr/4.3.3/avr5\libgcc.a(_fixunssfsi.o)
 .debug_loc     0x0000012c      0xe74 c:/winavr-20100110/bin/../lib/gcc/avr/4.3.3/avr5\libgcc.a(_udivdi3.o)
 .debug_loc     0x00000fa0      0xab2 c:/winavr-20100110/bin/../lib/gcc/avr/4.3.3/avr5\libgcc.a(_umoddi3.o)
 .debug_loc     0x00001a52      0x32a c:/winavr-20100110/bin/../lib/gcc/avr/4.3.3/avr5\libgcc.a(_addsub_sf.o)
 .debug_loc     0x00001d7c      0x104 c:/winavr-20100110/bin/../lib/gcc/avr/4.3.3/avr5\libgcc.a(_mul_sf.o)
 .debug_loc     0x00001e80       0xc0 c:/winavr-20100110/bin/../lib/gcc/avr/4.3.3/avr5\libgcc.a(_div_sf.o)
 .debug_loc     0x00001f40       0x3c c:/winavr-20100110/bin/../lib/gcc/avr/4.3.3/avr5\libgcc.a(_gt_sf.o)
 .debug_loc     0x00001f7c       0x3c c:/winavr-20100110/bin/../lib/gcc/avr/4.3.3/avr5\libgcc.a(_ge_sf.o)
 .debug_loc     0x00001fb8       0x3c c:/winavr-20100110/bin/../lib/gcc/avr/4.3.3/avr5\libgcc.a(_lt_sf.o)
 .debug_loc     0x00001ff4       0x7e c:/winavr-20100110/bin/../lib/gcc/avr/4.3.3/avr5\libgcc.a(_sf_to_si.o)
 .debug_loc     0x00002072       0x4c c:/winavr-20100110/bin/../lib/gcc/avr/4.3.3/avr5\libgcc.a(_usi_to_sf.o)
 .debug_loc     0x000020be       0x94 c:/winavr-20100110/bin/../lib/gcc/avr/4.3.3/avr5\libgcc.a(_clzsi2.o)
 .debug_loc     0x00002152      0x13e c:/winavr-20100110/bin/../lib/gcc/avr/4.3.3/avr5\libgcc.a(_pack_sf.o)
 .debug_loc     0x00002290       0xac c:/winavr-20100110/bin/../lib/gcc/avr/4.3.3/avr5\libgcc.a(_unpack_sf.o)
 .debug_loc     0x0000233c       0x50 c:/winavr-20100110/bin/../lib/gcc/avr/4.3.3/avr5\libgcc.a(_fpcmp_parts_sf.o)

.debug_macinfo
 *(.debug_macinfo)
OUTPUT(SummerWork.elf elf32-avr)
LOAD linker stubs

.debug_ranges   0x00000000       0x80
 .debug_ranges  0x00000000       0x18 c:/winavr-20100110/bin/../lib/gcc/avr/4.3.3/avr5\libgcc.a(_udivdi3.o)
 .debug_ranges  0x00000018       0x18 c:/winavr-20100110/bin/../lib/gcc/avr/4.3.3/avr5\libgcc.a(_umoddi3.o)
 .debug_ranges  0x00000030       0x50 c:/winavr-20100110/bin/../lib/gcc/avr/4.3.3/avr5\libgcc.a(_mul_sf.o)
