Archive member included because of file (symbol)

e:/iti/assaf/setups/imt_sdk_win_64/winavr/bin/../lib/gcc/avr/4.3.3/avr5\libgcc.a(_mulsi3.o)
                              ./delay_ms_prog.o (__mulsi3)
e:/iti/assaf/setups/imt_sdk_win_64/winavr/bin/../lib/gcc/avr/4.3.3/avr5\libgcc.a(_udivmodsi4.o)
                              ./delay_ms_prog.o (__udivmodsi4)
e:/iti/assaf/setups/imt_sdk_win_64/winavr/bin/../lib/gcc/avr/4.3.3/avr5\libgcc.a(_exit.o)
                              e:/iti/assaf/setups/imt_sdk_win_64/winavr/bin/../lib/gcc/avr/4.3.3/../../../../avr/lib/avr5/crtm16.o (exit)
e:/iti/assaf/setups/imt_sdk_win_64/winavr/bin/../lib/gcc/avr/4.3.3/avr5\libgcc.a(_copy_data.o)
                              ./SSeg_prog.o (__do_copy_data)

Memory Configuration

Name             Origin             Length             Attributes
text             0x00000000         0x00020000         xr
data             0x00800060         0x0000ffa0         rw !x
eeprom           0x00810000         0x00010000         rw !x
fuse             0x00820000         0x00000400         rw !x
lock             0x00830000         0x00000400         rw !x
signature        0x00840000         0x00000400         rw !x
*default*        0x00000000         0xffffffff

Linker script and memory map

LOAD e:/iti/assaf/setups/imt_sdk_win_64/winavr/bin/../lib/gcc/avr/4.3.3/../../../../avr/lib/avr5/crtm16.o
LOAD ./DIO_prog.o
LOAD ./SSeg_prog.o
LOAD ./delay_ms_prog.o
LOAD ./main.o
LOAD e:/iti/assaf/setups/imt_sdk_win_64/winavr/bin/../lib/gcc/avr/4.3.3/avr5\libgcc.a
LOAD e:/iti/assaf/setups/imt_sdk_win_64/winavr/bin/../lib/gcc/avr/4.3.3/../../../../avr/lib/avr5\libc.a
LOAD e:/iti/assaf/setups/imt_sdk_win_64/winavr/bin/../lib/gcc/avr/4.3.3/avr5\libgcc.a

.hash
 *(.hash)

.dynsym
 *(.dynsym)

.dynstr
 *(.dynstr)

.gnu.version
 *(.gnu.version)

.gnu.version_d
 *(.gnu.version_d)

.gnu.version_r
 *(.gnu.version_r)

.rel.init
 *(.rel.init)

.rela.init
 *(.rela.init)

.rel.text
 *(.rel.text)
 *(.rel.text.*)
 *(.rel.gnu.linkonce.t*)

.rela.text
 *(.rela.text)
 *(.rela.text.*)
 *(.rela.gnu.linkonce.t*)

.rel.fini
 *(.rel.fini)

.rela.fini
 *(.rela.fini)

.rel.rodata
 *(.rel.rodata)
 *(.rel.rodata.*)
 *(.rel.gnu.linkonce.r*)

.rela.rodata
 *(.rela.rodata)
 *(.rela.rodata.*)
 *(.rela.gnu.linkonce.r*)

.rel.data
 *(.rel.data)
 *(.rel.data.*)
 *(.rel.gnu.linkonce.d*)

.rela.data
 *(.rela.data)
 *(.rela.data.*)
 *(.rela.gnu.linkonce.d*)

.rel.ctors
 *(.rel.ctors)

.rela.ctors
 *(.rela.ctors)

.rel.dtors
 *(.rel.dtors)

.rela.dtors
 *(.rela.dtors)

.rel.got
 *(.rel.got)

.rela.got
 *(.rela.got)

.rel.bss
 *(.rel.bss)

.rela.bss
 *(.rela.bss)

.rel.plt
 *(.rel.plt)

.rela.plt
 *(.rela.plt)

.text           0x00000000      0xcae
 *(.vectors)
 .vectors       0x00000000       0x54 e:/iti/assaf/setups/imt_sdk_win_64/winavr/bin/../lib/gcc/avr/4.3.3/../../../../avr/lib/avr5/crtm16.o
                0x00000000                __vectors
                0x00000000                __vector_default
 *(.vectors)
 *(.progmem.gcc*)
 *(.progmem*)
                0x00000054                . = ALIGN (0x2)
                0x00000054                __trampolines_start = .
 *(.trampolines)
 .trampolines   0x00000054        0x0 linker stubs
 *(.trampolines*)
                0x00000054                __trampolines_end = .
 *(.jumptables)
 *(.jumptables*)
 *(.lowtext)
 *(.lowtext*)
                0x00000054                __ctors_start = .
 *(.ctors)
                0x00000054                __ctors_end = .
                0x00000054                __dtors_start = .
 *(.dtors)
                0x00000054                __dtors_end = .
 SORT(*)(.ctors)
 SORT(*)(.dtors)
 *(.init0)
 .init0         0x00000054        0x0 e:/iti/assaf/setups/imt_sdk_win_64/winavr/bin/../lib/gcc/avr/4.3.3/../../../../avr/lib/avr5/crtm16.o
                0x00000054                __init
 *(.init0)
 *(.init1)
 *(.init1)
 *(.init2)
 .init2         0x00000054        0xc e:/iti/assaf/setups/imt_sdk_win_64/winavr/bin/../lib/gcc/avr/4.3.3/../../../../avr/lib/avr5/crtm16.o
 *(.init2)
 *(.init3)
 *(.init3)
 *(.init4)
 .init4         0x00000060       0x16 e:/iti/assaf/setups/imt_sdk_win_64/winavr/bin/../lib/gcc/avr/4.3.3/avr5\libgcc.a(_copy_data.o)
                0x00000060                __do_copy_data
 *(.init4)
 *(.init5)
 *(.init5)
 *(.init6)
 *(.init6)
 *(.init7)
 *(.init7)
 *(.init8)
 *(.init8)
 *(.init9)
 .init9         0x00000076        0x8 e:/iti/assaf/setups/imt_sdk_win_64/winavr/bin/../lib/gcc/avr/4.3.3/../../../../avr/lib/avr5/crtm16.o
 *(.init9)
 *(.text)
 .text          0x0000007e        0x4 e:/iti/assaf/setups/imt_sdk_win_64/winavr/bin/../lib/gcc/avr/4.3.3/../../../../avr/lib/avr5/crtm16.o
                0x0000007e                __vector_1
                0x0000007e                __vector_12
                0x0000007e                __bad_interrupt
                0x0000007e                __vector_6
                0x0000007e                __vector_3
                0x0000007e                __vector_11
                0x0000007e                __vector_13
                0x0000007e                __vector_17
                0x0000007e                __vector_19
                0x0000007e                __vector_7
                0x0000007e                __vector_5
                0x0000007e                __vector_4
                0x0000007e                __vector_9
                0x0000007e                __vector_2
                0x0000007e                __vector_15
                0x0000007e                __vector_8
                0x0000007e                __vector_14
                0x0000007e                __vector_10
                0x0000007e                __vector_16
                0x0000007e                __vector_18
                0x0000007e                __vector_20
 .text          0x00000082        0x0 ./DIO_prog.o
 .text          0x00000082        0x0 ./SSeg_prog.o
 .text          0x00000082        0x0 ./delay_ms_prog.o
 .text          0x00000082        0x0 ./main.o
 .text          0x00000082        0x0 e:/iti/assaf/setups/imt_sdk_win_64/winavr/bin/../lib/gcc/avr/4.3.3/avr5\libgcc.a(_mulsi3.o)
 .text          0x00000082        0x0 e:/iti/assaf/setups/imt_sdk_win_64/winavr/bin/../lib/gcc/avr/4.3.3/avr5\libgcc.a(_udivmodsi4.o)
 .text          0x00000082        0x0 e:/iti/assaf/setups/imt_sdk_win_64/winavr/bin/../lib/gcc/avr/4.3.3/avr5\libgcc.a(_exit.o)
 .text          0x00000082        0x0 e:/iti/assaf/setups/imt_sdk_win_64/winavr/bin/../lib/gcc/avr/4.3.3/avr5\libgcc.a(_copy_data.o)
                0x00000082                . = ALIGN (0x2)
 *(.text.*)
 .text.DIO_voidInit
                0x00000082       0x44 ./DIO_prog.o
                0x00000082                DIO_voidInit
 .text.DIO_u8SetPinDirection
                0x000000c6      0x1e2 ./DIO_prog.o
                0x000000c6                DIO_u8SetPinDirection
 .text.DIO_u8SetPinValue
                0x000002a8      0x1e2 ./DIO_prog.o
                0x000002a8                DIO_u8SetPinValue
 .text.DIO_u8GetPinValue
                0x0000048a      0x154 ./DIO_prog.o
                0x0000048a                DIO_u8GetPinValue
 .text.DIO_u8SetPortDirection
                0x000005de       0x24 ./DIO_prog.o
                0x000005de                DIO_u8SetPortDirection
 .text.DIO_u8SetPortnValue
                0x00000602       0x96 ./DIO_prog.o
                0x00000602                DIO_u8SetPortnValue
 .text.DIO_u8GetPortnValue
                0x00000698       0xaa ./DIO_prog.o
                0x00000698                DIO_u8GetPortnValue
 .text.SSeg_u8Init
                0x00000742      0x194 ./SSeg_prog.o
                0x00000742                SSeg_u8Init
 .text.SSeg_u8SetVal
                0x000008d6      0x12c ./SSeg_prog.o
                0x000008d6                SSeg_u8SetVal
 .text.SSD_u8SSDOn
                0x00000a02       0x92 ./SSeg_prog.o
                0x00000a02                SSD_u8SSDOn
 .text.SSD_u8SSDOff
                0x00000a94       0x90 ./SSeg_prog.o
                0x00000a94                SSD_u8SSDOff
 .text.delay_milliSecond
                0x00000b24       0xf2 ./delay_ms_prog.o
                0x00000b24                delay_milliSecond
 .text.main     0x00000c16       0x12 ./main.o
                0x00000c16                main
 .text.libgcc   0x00000c28       0x3e e:/iti/assaf/setups/imt_sdk_win_64/winavr/bin/../lib/gcc/avr/4.3.3/avr5\libgcc.a(_mulsi3.o)
                0x00000c28                __mulsi3
 .text.libgcc   0x00000c66       0x44 e:/iti/assaf/setups/imt_sdk_win_64/winavr/bin/../lib/gcc/avr/4.3.3/avr5\libgcc.a(_udivmodsi4.o)
                0x00000c66                __udivmodsi4
 .text.libgcc   0x00000caa        0x0 e:/iti/assaf/setups/imt_sdk_win_64/winavr/bin/../lib/gcc/avr/4.3.3/avr5\libgcc.a(_exit.o)
 .text.libgcc   0x00000caa        0x0 e:/iti/assaf/setups/imt_sdk_win_64/winavr/bin/../lib/gcc/avr/4.3.3/avr5\libgcc.a(_copy_data.o)
                0x00000caa                . = ALIGN (0x2)
 *(.fini9)
 .fini9         0x00000caa        0x0 e:/iti/assaf/setups/imt_sdk_win_64/winavr/bin/../lib/gcc/avr/4.3.3/avr5\libgcc.a(_exit.o)
                0x00000caa                exit
                0x00000caa                _exit
 *(.fini9)
 *(.fini8)
 *(.fini8)
 *(.fini7)
 *(.fini7)
 *(.fini6)
 *(.fini6)
 *(.fini5)
 *(.fini5)
 *(.fini4)
 *(.fini4)
 *(.fini3)
 *(.fini3)
 *(.fini2)
 *(.fini2)
 *(.fini1)
 *(.fini1)
 *(.fini0)
 .fini0         0x00000caa        0x4 e:/iti/assaf/setups/imt_sdk_win_64/winavr/bin/../lib/gcc/avr/4.3.3/avr5\libgcc.a(_exit.o)
 *(.fini0)
                0x00000cae                _etext = .

.data           0x00800060       0x16 load address 0x00000cae
                0x00800060                PROVIDE (__data_start, .)
 *(.data)
 .data          0x00800060        0x0 e:/iti/assaf/setups/imt_sdk_win_64/winavr/bin/../lib/gcc/avr/4.3.3/../../../../avr/lib/avr5/crtm16.o
 .data          0x00800060        0x0 ./DIO_prog.o
 .data          0x00800060        0x0 ./SSeg_prog.o
 .data          0x00800060        0x0 ./delay_ms_prog.o
 .data          0x00800060        0x0 ./main.o
 .data          0x00800060        0x0 e:/iti/assaf/setups/imt_sdk_win_64/winavr/bin/../lib/gcc/avr/4.3.3/avr5\libgcc.a(_mulsi3.o)
 .data          0x00800060        0x0 e:/iti/assaf/setups/imt_sdk_win_64/winavr/bin/../lib/gcc/avr/4.3.3/avr5\libgcc.a(_udivmodsi4.o)
 .data          0x00800060        0x0 e:/iti/assaf/setups/imt_sdk_win_64/winavr/bin/../lib/gcc/avr/4.3.3/avr5\libgcc.a(_exit.o)
 .data          0x00800060        0x0 e:/iti/assaf/setups/imt_sdk_win_64/winavr/bin/../lib/gcc/avr/4.3.3/avr5\libgcc.a(_copy_data.o)
 *(.data*)
 .data.Private_Au8DecToBinaryMask
                0x00800060        0xb ./SSeg_prog.o
                0x00800060                Private_Au8DecToBinaryMask
 .data.SSD_Au8ArrayToSSDPin
                0x0080006b        0x8 ./SSeg_prog.o
                0x0080006b                SSD_Au8ArrayToSSDPin
 .data.SSD_Au8ArraySSDType
                0x00800073        0x1 ./SSeg_prog.o
                0x00800073                SSD_Au8ArraySSDType
 .data.SSD_Au8ArraySSDInitVal
                0x00800074        0x1 ./SSeg_prog.o
                0x00800074                SSD_Au8ArraySSDInitVal
 .data.Local_Stu8SSDON_FLAG
                0x00800075        0x1 ./SSeg_prog.o
 *(.rodata)
 *(.rodata*)
 *(.gnu.linkonce.d*)
                0x00800076                . = ALIGN (0x2)
                0x00800076                _edata = .
                0x00800076                PROVIDE (__data_end, .)

.bss            0x00800076        0x0
                0x00800076                PROVIDE (__bss_start, .)
 *(.bss)
 .bss           0x00800076        0x0 e:/iti/assaf/setups/imt_sdk_win_64/winavr/bin/../lib/gcc/avr/4.3.3/../../../../avr/lib/avr5/crtm16.o
 .bss           0x00800076        0x0 ./DIO_prog.o
 .bss           0x00800076        0x0 ./SSeg_prog.o
 .bss           0x00800076        0x0 ./delay_ms_prog.o
 .bss           0x00800076        0x0 ./main.o
 .bss           0x00800076        0x0 e:/iti/assaf/setups/imt_sdk_win_64/winavr/bin/../lib/gcc/avr/4.3.3/avr5\libgcc.a(_mulsi3.o)
 .bss           0x00800076        0x0 e:/iti/assaf/setups/imt_sdk_win_64/winavr/bin/../lib/gcc/avr/4.3.3/avr5\libgcc.a(_udivmodsi4.o)
 .bss           0x00800076        0x0 e:/iti/assaf/setups/imt_sdk_win_64/winavr/bin/../lib/gcc/avr/4.3.3/avr5\libgcc.a(_exit.o)
 .bss           0x00800076        0x0 e:/iti/assaf/setups/imt_sdk_win_64/winavr/bin/../lib/gcc/avr/4.3.3/avr5\libgcc.a(_copy_data.o)
 *(.bss*)
 *(COMMON)
                0x00800076                PROVIDE (__bss_end, .)
                0x00000cae                __data_load_start = LOADADDR (.data)
                0x00000cc4                __data_load_end = (__data_load_start + SIZEOF (.data))

.noinit         0x00800076        0x0
                0x00800076                PROVIDE (__noinit_start, .)
 *(.noinit*)
                0x00800076                PROVIDE (__noinit_end, .)
                0x00800076                _end = .
                0x00800076                PROVIDE (__heap_start, .)

.eeprom         0x00810000        0x0
 *(.eeprom*)
                0x00810000                __eeprom_end = .

.fuse
 *(.fuse)
 *(.lfuse)
 *(.hfuse)
 *(.efuse)

.lock
 *(.lock*)

.signature
 *(.signature*)

.stab           0x00000000     0x10ec
 *(.stab)
 .stab          0x00000000      0x6fc ./DIO_prog.o
 .stab          0x000006fc      0x528 ./SSeg_prog.o
                                0x5ac (size before relaxing)
 .stab          0x00000c24      0x204 ./delay_ms_prog.o
                                0x288 (size before relaxing)
 .stab          0x00000e28      0x2c4 ./main.o
                                0x348 (size before relaxing)

.stabstr        0x00000000      0xb30
 *(.stabstr)
 .stabstr       0x00000000      0xb30 ./DIO_prog.o

.stab.excl
 *(.stab.excl)

.stab.exclstr
 *(.stab.exclstr)

.stab.index
 *(.stab.index)

.stab.indexstr
 *(.stab.indexstr)

.comment
 *(.comment)

.debug
 *(.debug)

.line
 *(.line)

.debug_srcinfo
 *(.debug_srcinfo)

.debug_sfnames
 *(.debug_sfnames)

.debug_aranges
 *(.debug_aranges)

.debug_pubnames
 *(.debug_pubnames)

.debug_info
 *(.debug_info)
 *(.gnu.linkonce.wi.*)

.debug_abbrev
 *(.debug_abbrev)

.debug_line
 *(.debug_line)

.debug_frame
 *(.debug_frame)

.debug_str
 *(.debug_str)

.debug_loc
 *(.debug_loc)

.debug_macinfo
 *(.debug_macinfo)
OUTPUT(EXT_SEVEN_SEG.elf elf32-avr)
LOAD linker stubs
