Archive member included because of file (symbol)

c:/users/monika ossama/desktop/mina/assaf/sdk/imt_sdk_win_64/winavr/bin/../lib/gcc/avr/4.3.3/avr5\libgcc.a(_exit.o)
                              c:/users/monika ossama/desktop/mina/assaf/sdk/imt_sdk_win_64/winavr/bin/../lib/gcc/avr/4.3.3/../../../../avr/lib/avr5/crtm32.o (exit)
c:/users/monika ossama/desktop/mina/assaf/sdk/imt_sdk_win_64/winavr/bin/../lib/gcc/avr/4.3.3/avr5\libgcc.a(_copy_data.o)
                              ./Hamoksha_MAIN.o (__do_copy_data)

Memory Configuration

Name             Origin             Length             Attributes
text             0x00000000         0x00020000         xr
data             0x00800060         0x0000ffa0         rw !x
eeprom           0x00810000         0x00010000         rw !x
fuse             0x00820000         0x00000400         rw !x
lock             0x00830000         0x00000400         rw !x
signature        0x00840000         0x00000400         rw !x
*default*        0x00000000         0xffffffff

Linker script and memory map

LOAD c:/users/monika ossama/desktop/mina/assaf/sdk/imt_sdk_win_64/winavr/bin/../lib/gcc/avr/4.3.3/../../../../avr/lib/avr5/crtm32.o
LOAD ./DIO_prog.o
LOAD ./DelayMs.o
LOAD ./Hamoksha_MAIN.o
LOAD ./KPD_prog.o
LOAD ./LMD_prog.o
LOAD c:/users/monika ossama/desktop/mina/assaf/sdk/imt_sdk_win_64/winavr/bin/../lib/gcc/avr/4.3.3/avr5\libgcc.a
LOAD c:/users/monika ossama/desktop/mina/assaf/sdk/imt_sdk_win_64/winavr/bin/../lib/gcc/avr/4.3.3/../../../../avr/lib/avr5\libc.a
LOAD c:/users/monika ossama/desktop/mina/assaf/sdk/imt_sdk_win_64/winavr/bin/../lib/gcc/avr/4.3.3/avr5\libgcc.a

.hash
 *(.hash)

.dynsym
 *(.dynsym)

.dynstr
 *(.dynstr)

.gnu.version
 *(.gnu.version)

.gnu.version_d
 *(.gnu.version_d)

.gnu.version_r
 *(.gnu.version_r)

.rel.init
 *(.rel.init)

.rela.init
 *(.rela.init)

.rel.text
 *(.rel.text)
 *(.rel.text.*)
 *(.rel.gnu.linkonce.t*)

.rela.text
 *(.rela.text)
 *(.rela.text.*)
 *(.rela.gnu.linkonce.t*)

.rel.fini
 *(.rel.fini)

.rela.fini
 *(.rela.fini)

.rel.rodata
 *(.rel.rodata)
 *(.rel.rodata.*)
 *(.rel.gnu.linkonce.r*)

.rela.rodata
 *(.rela.rodata)
 *(.rela.rodata.*)
 *(.rela.gnu.linkonce.r*)

.rel.data
 *(.rel.data)
 *(.rel.data.*)
 *(.rel.gnu.linkonce.d*)

.rela.data
 *(.rela.data)
 *(.rela.data.*)
 *(.rela.gnu.linkonce.d*)

.rel.ctors
 *(.rel.ctors)

.rela.ctors
 *(.rela.ctors)

.rel.dtors
 *(.rel.dtors)

.rela.dtors
 *(.rela.dtors)

.rel.got
 *(.rel.got)

.rela.got
 *(.rela.got)

.rel.bss
 *(.rel.bss)

.rela.bss
 *(.rela.bss)

.rel.plt
 *(.rel.plt)

.rela.plt
 *(.rela.plt)

.text           0x00000000      0xb64
 *(.vectors)
 .vectors       0x00000000       0x54 c:/users/monika ossama/desktop/mina/assaf/sdk/imt_sdk_win_64/winavr/bin/../lib/gcc/avr/4.3.3/../../../../avr/lib/avr5/crtm32.o
                0x00000000                __vectors
                0x00000000                __vector_default
 *(.vectors)
 *(.progmem.gcc*)
 *(.progmem*)
                0x00000054                . = ALIGN (0x2)
                0x00000054                __trampolines_start = .
 *(.trampolines)
 .trampolines   0x00000054        0x0 linker stubs
 *(.trampolines*)
                0x00000054                __trampolines_end = .
 *(.jumptables)
 *(.jumptables*)
 *(.lowtext)
 *(.lowtext*)
                0x00000054                __ctors_start = .
 *(.ctors)
                0x00000054                __ctors_end = .
                0x00000054                __dtors_start = .
 *(.dtors)
                0x00000054                __dtors_end = .
 SORT(*)(.ctors)
 SORT(*)(.dtors)
 *(.init0)
 .init0         0x00000054        0x0 c:/users/monika ossama/desktop/mina/assaf/sdk/imt_sdk_win_64/winavr/bin/../lib/gcc/avr/4.3.3/../../../../avr/lib/avr5/crtm32.o
                0x00000054                __init
 *(.init0)
 *(.init1)
 *(.init1)
 *(.init2)
 .init2         0x00000054        0xc c:/users/monika ossama/desktop/mina/assaf/sdk/imt_sdk_win_64/winavr/bin/../lib/gcc/avr/4.3.3/../../../../avr/lib/avr5/crtm32.o
 *(.init2)
 *(.init3)
 *(.init3)
 *(.init4)
 .init4         0x00000060       0x16 c:/users/monika ossama/desktop/mina/assaf/sdk/imt_sdk_win_64/winavr/bin/../lib/gcc/avr/4.3.3/avr5\libgcc.a(_copy_data.o)
                0x00000060                __do_copy_data
 *(.init4)
 *(.init5)
 *(.init5)
 *(.init6)
 *(.init6)
 *(.init7)
 *(.init7)
 *(.init8)
 *(.init8)
 *(.init9)
 .init9         0x00000076        0x8 c:/users/monika ossama/desktop/mina/assaf/sdk/imt_sdk_win_64/winavr/bin/../lib/gcc/avr/4.3.3/../../../../avr/lib/avr5/crtm32.o
 *(.init9)
 *(.text)
 .text          0x0000007e        0x4 c:/users/monika ossama/desktop/mina/assaf/sdk/imt_sdk_win_64/winavr/bin/../lib/gcc/avr/4.3.3/../../../../avr/lib/avr5/crtm32.o
                0x0000007e                __vector_1
                0x0000007e                __vector_12
                0x0000007e                __bad_interrupt
                0x0000007e                __vector_6
                0x0000007e                __vector_3
                0x0000007e                __vector_11
                0x0000007e                __vector_13
                0x0000007e                __vector_17
                0x0000007e                __vector_19
                0x0000007e                __vector_7
                0x0000007e                __vector_5
                0x0000007e                __vector_4
                0x0000007e                __vector_9
                0x0000007e                __vector_2
                0x0000007e                __vector_15
                0x0000007e                __vector_8
                0x0000007e                __vector_14
                0x0000007e                __vector_10
                0x0000007e                __vector_16
                0x0000007e                __vector_18
                0x0000007e                __vector_20
 .text          0x00000082        0x0 ./DIO_prog.o
 .text          0x00000082        0x0 ./DelayMs.o
 .text          0x00000082        0x0 ./Hamoksha_MAIN.o
 .text          0x00000082        0x0 ./KPD_prog.o
 .text          0x00000082        0x0 ./LMD_prog.o
 .text          0x00000082        0x0 c:/users/monika ossama/desktop/mina/assaf/sdk/imt_sdk_win_64/winavr/bin/../lib/gcc/avr/4.3.3/avr5\libgcc.a(_exit.o)
 .text          0x00000082        0x0 c:/users/monika ossama/desktop/mina/assaf/sdk/imt_sdk_win_64/winavr/bin/../lib/gcc/avr/4.3.3/avr5\libgcc.a(_copy_data.o)
                0x00000082                . = ALIGN (0x2)
 *(.text.*)
 .text.DIO_voidInit
                0x00000082       0x4a ./DIO_prog.o
                0x00000082                DIO_voidInit
 .text.DIO_u8SetPinDirection
                0x000000cc      0x1e2 ./DIO_prog.o
                0x000000cc                DIO_u8SetPinDirection
 .text.DIO_u8SetPinValue
                0x000002ae      0x1e2 ./DIO_prog.o
                0x000002ae                DIO_u8SetPinValue
 .text.DIO_u8GetPinValue
                0x00000490      0x134 ./DIO_prog.o
                0x00000490                DIO_u8GetPinValue
 .text.DIO_u8SetPortDirection
                0x000005c4       0x24 ./DIO_prog.o
                0x000005c4                DIO_u8SetPortDirection
 .text.DIO_u8SetPortnValue
                0x000005e8       0x96 ./DIO_prog.o
                0x000005e8                DIO_u8SetPortnValue
 .text.DIO_u8GetPortnValue
                0x0000067e       0xaa ./DIO_prog.o
                0x0000067e                DIO_u8GetPortnValue
 .text.DelayMs  0x00000728       0x6e ./DelayMs.o
                0x00000728                DelayMs
 .text.main     0x00000796      0x1fa ./Hamoksha_MAIN.o
                0x00000796                main
 .text.KPD_u8GetKeysState
                0x00000990       0xf4 ./KPD_prog.o
                0x00000990                KPD_u8GetKeysState
 .text.LMD_u8SetPattern
                0x00000a84       0xdc ./LMD_prog.o
                0x00000a84                LMD_u8SetPattern
 .text.libgcc   0x00000b60        0x0 c:/users/monika ossama/desktop/mina/assaf/sdk/imt_sdk_win_64/winavr/bin/../lib/gcc/avr/4.3.3/avr5\libgcc.a(_exit.o)
 .text.libgcc   0x00000b60        0x0 c:/users/monika ossama/desktop/mina/assaf/sdk/imt_sdk_win_64/winavr/bin/../lib/gcc/avr/4.3.3/avr5\libgcc.a(_copy_data.o)
                0x00000b60                . = ALIGN (0x2)
 *(.fini9)
 .fini9         0x00000b60        0x0 c:/users/monika ossama/desktop/mina/assaf/sdk/imt_sdk_win_64/winavr/bin/../lib/gcc/avr/4.3.3/avr5\libgcc.a(_exit.o)
                0x00000b60                exit
                0x00000b60                _exit
 *(.fini9)
 *(.fini8)
 *(.fini8)
 *(.fini7)
 *(.fini7)
 *(.fini6)
 *(.fini6)
 *(.fini5)
 *(.fini5)
 *(.fini4)
 *(.fini4)
 *(.fini3)
 *(.fini3)
 *(.fini2)
 *(.fini2)
 *(.fini1)
 *(.fini1)
 *(.fini0)
 .fini0         0x00000b60        0x4 c:/users/monika ossama/desktop/mina/assaf/sdk/imt_sdk_win_64/winavr/bin/../lib/gcc/avr/4.3.3/avr5\libgcc.a(_exit.o)
 *(.fini0)
                0x00000b64                _etext = .

.data           0x00800060       0x78 load address 0x00000b64
                0x00800060                PROVIDE (__data_start, .)
 *(.data)
 .data          0x00800060        0x0 c:/users/monika ossama/desktop/mina/assaf/sdk/imt_sdk_win_64/winavr/bin/../lib/gcc/avr/4.3.3/../../../../avr/lib/avr5/crtm32.o
 .data          0x00800060        0x0 ./DIO_prog.o
 .data          0x00800060        0x0 ./DelayMs.o
 .data          0x00800060        0x0 ./Hamoksha_MAIN.o
 .data          0x00800060        0x0 ./KPD_prog.o
 .data          0x00800060        0x0 ./LMD_prog.o
 .data          0x00800060        0x0 c:/users/monika ossama/desktop/mina/assaf/sdk/imt_sdk_win_64/winavr/bin/../lib/gcc/avr/4.3.3/avr5\libgcc.a(_exit.o)
 .data          0x00800060        0x0 c:/users/monika ossama/desktop/mina/assaf/sdk/imt_sdk_win_64/winavr/bin/../lib/gcc/avr/4.3.3/avr5\libgcc.a(_copy_data.o)
 *(.data*)
 .data.u8JumpAnimations
                0x00800060       0x18 ./Hamoksha_MAIN.o
                0x00800060                u8JumpAnimations
 .data.u8Animations
                0x00800078       0x48 ./Hamoksha_MAIN.o
                0x00800078                u8Animations
 .data.test     0x008000c0        0x8 ./Hamoksha_MAIN.o
                0x008000c0                test
 .data.KPD_Au8KpdInputConnection
                0x008000c8        0x4 ./KPD_prog.o
                0x008000c8                KPD_Au8KpdInputConnection
 .data.KPD_Au8KpdOutputConnection
                0x008000cc        0x4 ./KPD_prog.o
                0x008000cc                KPD_Au8KpdOutputConnection
 .data.LMD_u8ActiveLowSide
                0x008000d0        0x8 ./LMD_prog.o
                0x008000d0                LMD_u8ActiveLowSide
 *(.rodata)
 *(.rodata*)
 *(.gnu.linkonce.d*)
                0x008000d8                . = ALIGN (0x2)
                0x008000d8                _edata = .
                0x008000d8                PROVIDE (__data_end, .)

.bss            0x008000d8        0x0
                0x008000d8                PROVIDE (__bss_start, .)
 *(.bss)
 .bss           0x008000d8        0x0 c:/users/monika ossama/desktop/mina/assaf/sdk/imt_sdk_win_64/winavr/bin/../lib/gcc/avr/4.3.3/../../../../avr/lib/avr5/crtm32.o
 .bss           0x008000d8        0x0 ./DIO_prog.o
 .bss           0x008000d8        0x0 ./DelayMs.o
 .bss           0x008000d8        0x0 ./Hamoksha_MAIN.o
 .bss           0x008000d8        0x0 ./KPD_prog.o
 .bss           0x008000d8        0x0 ./LMD_prog.o
 .bss           0x008000d8        0x0 c:/users/monika ossama/desktop/mina/assaf/sdk/imt_sdk_win_64/winavr/bin/../lib/gcc/avr/4.3.3/avr5\libgcc.a(_exit.o)
 .bss           0x008000d8        0x0 c:/users/monika ossama/desktop/mina/assaf/sdk/imt_sdk_win_64/winavr/bin/../lib/gcc/avr/4.3.3/avr5\libgcc.a(_copy_data.o)
 *(.bss*)
 *(COMMON)
                0x008000d8                PROVIDE (__bss_end, .)
                0x00000b64                __data_load_start = LOADADDR (.data)
                0x00000bdc                __data_load_end = (__data_load_start + SIZEOF (.data))

.noinit         0x008000d8        0x0
                0x008000d8                PROVIDE (__noinit_start, .)
 *(.noinit*)
                0x008000d8                PROVIDE (__noinit_end, .)
                0x008000d8                _end = .
                0x008000d8                PROVIDE (__heap_start, .)

.eeprom         0x00810000        0x0
 *(.eeprom*)
                0x00810000                __eeprom_end = .

.fuse
 *(.fuse)
 *(.lfuse)
 *(.hfuse)
 *(.efuse)

.lock
 *(.lock*)

.signature
 *(.signature*)

.stab           0x00000000     0x1110
 *(.stab)
 .stab          0x00000000      0x6fc ./DIO_prog.o
 .stab          0x000006fc      0x1d4 ./DelayMs.o
                                0x258 (size before relaxing)
 .stab          0x000008d0      0x39c ./Hamoksha_MAIN.o
                                0x420 (size before relaxing)
 .stab          0x00000c6c      0x288 ./KPD_prog.o
                                0x30c (size before relaxing)
 .stab          0x00000ef4      0x21c ./LMD_prog.o
                                0x2a0 (size before relaxing)

.stabstr        0x00000000      0x865
 *(.stabstr)
 .stabstr       0x00000000      0x865 ./DIO_prog.o

.stab.excl
 *(.stab.excl)

.stab.exclstr
 *(.stab.exclstr)

.stab.index
 *(.stab.index)

.stab.indexstr
 *(.stab.indexstr)

.comment
 *(.comment)

.debug
 *(.debug)

.line
 *(.line)

.debug_srcinfo
 *(.debug_srcinfo)

.debug_sfnames
 *(.debug_sfnames)

.debug_aranges
 *(.debug_aranges)

.debug_pubnames
 *(.debug_pubnames)

.debug_info
 *(.debug_info)
 *(.gnu.linkonce.wi.*)

.debug_abbrev
 *(.debug_abbrev)

.debug_line
 *(.debug_line)

.debug_frame
 *(.debug_frame)

.debug_str
 *(.debug_str)

.debug_loc
 *(.debug_loc)

.debug_macinfo
 *(.debug_macinfo)
OUTPUT(LMD_KPD_7amokshaFun.elf elf32-avr)
LOAD linker stubs
