06:30:33 **** Build of configuration Debug for project 7SEG_BCD ****
make all 
Building file: ../main.c
Invoking: AVR Compiler
avr-gcc -Wall -g2 -gstabs -O0 -fpack-struct -fshort-enums -ffunction-sections -fdata-sections -std=gnu99 -funsigned-char -funsigned-bitfields -mmcu=atmega32 -DF_CPU=8000000UL -MMD -MP -MF"main.d" -MT"main.o" -c -o "main.o" "../main.c"
Finished building: ../main.c
 
Building target: 7SEG_BCD.elf
Invoking: AVR C Linker
avr-gcc -Wl,-Map,7SEG_BCD.map -mmcu=atmega32 -o "7SEG_BCD.elf"  ./main.o   
Finished building target: 7SEG_BCD.elf
 
Invoking: AVR Create Extended Listing
avr-objdump -h -S 7SEG_BCD.elf  >"7SEG_BCD.lss"
Finished building: 7SEG_BCD.lss
 
Invoking: Print Size
avr-size --format=berkeley -t 7SEG_BCD.elf
   text	   data	    bss	    dec	    hex	filename
    142	      0	      0	    142	     8e	7SEG_BCD.elf
    142	      0	      0	    142	     8e	(TOTALS)
Finished building: sizedummy
 

06:30:34 Build Finished (took 1s.106ms)

